Archive member included to satisfy reference by file (symbol)

/home/haidoan2098/st/stm32cubeide_1.18.0/plugins/com.st.stm32cube.ide.mcu.externaltools.gnu-tools-for-stm32.13.3.rel1.linux64_1.0.0.202410170706/tools/bin/../lib/gcc/arm-none-eabi/13.3.1/../../../../arm-none-eabi/lib/thumb/v7-m/nofp/libc_nano.a(libc_a-exit.o)
                              /home/haidoan2098/st/stm32cubeide_1.18.0/plugins/com.st.stm32cube.ide.mcu.externaltools.gnu-tools-for-stm32.13.3.rel1.linux64_1.0.0.202410170706/tools/bin/../lib/gcc/arm-none-eabi/13.3.1/../../../../arm-none-eabi/lib/thumb/v7-m/nofp/crt0.o (exit)
/home/haidoan2098/st/stm32cubeide_1.18.0/plugins/com.st.stm32cube.ide.mcu.externaltools.gnu-tools-for-stm32.13.3.rel1.linux64_1.0.0.202410170706/tools/bin/../lib/gcc/arm-none-eabi/13.3.1/../../../../arm-none-eabi/lib/thumb/v7-m/nofp/libc_nano.a(libc_a-findfp.o)
                              /home/haidoan2098/st/stm32cubeide_1.18.0/plugins/com.st.stm32cube.ide.mcu.externaltools.gnu-tools-for-stm32.13.3.rel1.linux64_1.0.0.202410170706/tools/bin/../lib/gcc/arm-none-eabi/13.3.1/../../../../arm-none-eabi/lib/thumb/v7-m/nofp/libc_nano.a(libc_a-exit.o) (__stdio_exit_handler)
/home/haidoan2098/st/stm32cubeide_1.18.0/plugins/com.st.stm32cube.ide.mcu.externaltools.gnu-tools-for-stm32.13.3.rel1.linux64_1.0.0.202410170706/tools/bin/../lib/gcc/arm-none-eabi/13.3.1/../../../../arm-none-eabi/lib/thumb/v7-m/nofp/libc_nano.a(libc_a-fwalk.o)
                              /home/haidoan2098/st/stm32cubeide_1.18.0/plugins/com.st.stm32cube.ide.mcu.externaltools.gnu-tools-for-stm32.13.3.rel1.linux64_1.0.0.202410170706/tools/bin/../lib/gcc/arm-none-eabi/13.3.1/../../../../arm-none-eabi/lib/thumb/v7-m/nofp/libc_nano.a(libc_a-findfp.o) (_fwalk_sglue)
/home/haidoan2098/st/stm32cubeide_1.18.0/plugins/com.st.stm32cube.ide.mcu.externaltools.gnu-tools-for-stm32.13.3.rel1.linux64_1.0.0.202410170706/tools/bin/../lib/gcc/arm-none-eabi/13.3.1/../../../../arm-none-eabi/lib/thumb/v7-m/nofp/libc_nano.a(libc_a-sprintf.o)
                              ./Core/Src/main.o (sprintf)
/home/haidoan2098/st/stm32cubeide_1.18.0/plugins/com.st.stm32cube.ide.mcu.externaltools.gnu-tools-for-stm32.13.3.rel1.linux64_1.0.0.202410170706/tools/bin/../lib/gcc/arm-none-eabi/13.3.1/../../../../arm-none-eabi/lib/thumb/v7-m/nofp/libc_nano.a(libc_a-stdio.o)
                              /home/haidoan2098/st/stm32cubeide_1.18.0/plugins/com.st.stm32cube.ide.mcu.externaltools.gnu-tools-for-stm32.13.3.rel1.linux64_1.0.0.202410170706/tools/bin/../lib/gcc/arm-none-eabi/13.3.1/../../../../arm-none-eabi/lib/thumb/v7-m/nofp/libc_nano.a(libc_a-findfp.o) (__sread)
/home/haidoan2098/st/stm32cubeide_1.18.0/plugins/com.st.stm32cube.ide.mcu.externaltools.gnu-tools-for-stm32.13.3.rel1.linux64_1.0.0.202410170706/tools/bin/../lib/gcc/arm-none-eabi/13.3.1/../../../../arm-none-eabi/lib/thumb/v7-m/nofp/libc_nano.a(libc_a-memset.o)
                              /home/haidoan2098/st/stm32cubeide_1.18.0/plugins/com.st.stm32cube.ide.mcu.externaltools.gnu-tools-for-stm32.13.3.rel1.linux64_1.0.0.202410170706/tools/bin/../lib/gcc/arm-none-eabi/13.3.1/../../../../arm-none-eabi/lib/thumb/v7-m/nofp/crt0.o (memset)
/home/haidoan2098/st/stm32cubeide_1.18.0/plugins/com.st.stm32cube.ide.mcu.externaltools.gnu-tools-for-stm32.13.3.rel1.linux64_1.0.0.202410170706/tools/bin/../lib/gcc/arm-none-eabi/13.3.1/../../../../arm-none-eabi/lib/thumb/v7-m/nofp/libc_nano.a(libc_a-closer.o)
                              /home/haidoan2098/st/stm32cubeide_1.18.0/plugins/com.st.stm32cube.ide.mcu.externaltools.gnu-tools-for-stm32.13.3.rel1.linux64_1.0.0.202410170706/tools/bin/../lib/gcc/arm-none-eabi/13.3.1/../../../../arm-none-eabi/lib/thumb/v7-m/nofp/libc_nano.a(libc_a-stdio.o) (_close_r)
/home/haidoan2098/st/stm32cubeide_1.18.0/plugins/com.st.stm32cube.ide.mcu.externaltools.gnu-tools-for-stm32.13.3.rel1.linux64_1.0.0.202410170706/tools/bin/../lib/gcc/arm-none-eabi/13.3.1/../../../../arm-none-eabi/lib/thumb/v7-m/nofp/libc_nano.a(libc_a-reent.o)
                              /home/haidoan2098/st/stm32cubeide_1.18.0/plugins/com.st.stm32cube.ide.mcu.externaltools.gnu-tools-for-stm32.13.3.rel1.linux64_1.0.0.202410170706/tools/bin/../lib/gcc/arm-none-eabi/13.3.1/../../../../arm-none-eabi/lib/thumb/v7-m/nofp/libc_nano.a(libc_a-closer.o) (errno)
/home/haidoan2098/st/stm32cubeide_1.18.0/plugins/com.st.stm32cube.ide.mcu.externaltools.gnu-tools-for-stm32.13.3.rel1.linux64_1.0.0.202410170706/tools/bin/../lib/gcc/arm-none-eabi/13.3.1/../../../../arm-none-eabi/lib/thumb/v7-m/nofp/libc_nano.a(libc_a-impure.o)
                              /home/haidoan2098/st/stm32cubeide_1.18.0/plugins/com.st.stm32cube.ide.mcu.externaltools.gnu-tools-for-stm32.13.3.rel1.linux64_1.0.0.202410170706/tools/bin/../lib/gcc/arm-none-eabi/13.3.1/../../../../arm-none-eabi/lib/thumb/v7-m/nofp/libc_nano.a(libc_a-sprintf.o) (_impure_ptr)
[...]
Memory Configuration

Name             Origin             Length             Attributes
RAM              0x20000000         0x00005000         xrw
FLASH            0x08000000         0x00010000         xr
*default*        0x00000000         0xffffffff

Linker script and memory map

LOAD /home/haidoan2098/st/stm32cubeide_1.18.0/plugins/com.st.stm32cube.ide.mcu.externaltools.gnu-tools-for-stm32.13.3.rel1.linux64_1.0.0.202410170706/tools/bin/../lib/gcc/arm-none-eabi/13.3.1/thumb/v7-m/nofp/crti.o
LOAD /home/haidoan2098/st/stm32cubeide_1.18.0/plugins/com.st.stm32cube.ide.mcu.externaltools.gnu-tools-for-stm32.13.3.rel1.linux64_1.0.0.202410170706/tools/bin/../lib/gcc/arm-none-eabi/13.3.1/thumb/v7-m/nofp/crtbegin.o
LOAD /home/haidoan2098/st/stm32cubeide_1.18.0/plugins/com.st.stm32cube.ide.mcu.externaltools.gnu-tools-for-stm32.13.3.rel1.linux64_1.0.0.202410170706/tools/bin/../lib/gcc/arm-none-eabi/13.3.1/../../../../arm-none-eabi/lib/thumb/v7-m/nofp/crt0.o
LOAD ./Core/Src/main.o
LOAD ./Core/Src/stm32f1xx_hal_msp.o
LOAD ./Core/Src/stm32f1xx_it.o
LOAD ./Core/Src/syscalls.o
LOAD ./Core/Src/sysmem.o
LOAD ./Core/Src/system_stm32f1xx.o
LOAD ./Core/Startup/startup_stm32f103c8tx.o
LOAD ./Drivers/STM32F1xx_HAL_Driver/Src/stm32f1xx_hal.o
LOAD ./Drivers/STM32F1xx_HAL_Driver/Src/stm32f1xx_hal_cortex.o
LOAD ./Drivers/STM32F1xx_HAL_Driver/Src/stm32f1xx_hal_dma.o
LOAD ./Drivers/STM32F1xx_HAL_Driver/Src/stm32f1xx_hal_exti.o
LOAD ./Drivers/STM32F1xx_HAL_Driver/Src/stm32f1xx_hal_flash.o
LOAD ./Drivers/STM32F1xx_HAL_Driver/Src/stm32f1xx_hal_flash_ex.o
LOAD ./Drivers/STM32F1xx_HAL_Driver/Src/stm32f1xx_hal_gpio.o
LOAD ./Drivers/STM32F1xx_HAL_Driver/Src/stm32f1xx_hal_gpio_ex.o
LOAD ./Drivers/STM32F1xx_HAL_Driver/Src/stm32f1xx_hal_i2c.o
LOAD ./Drivers/STM32F1xx_HAL_Driver/Src/stm32f1xx_hal_pwr.o
LOAD ./Drivers/STM32F1xx_HAL_Driver/Src/stm32f1xx_hal_rcc.o
LOAD ./Drivers/STM32F1xx_HAL_Driver/Src/stm32f1xx_hal_rcc_ex.o
LOAD ./Drivers/STM32F1xx_HAL_Driver/Src/stm32f1xx_hal_tim.o
LOAD ./Drivers/STM32F1xx_HAL_Driver/Src/stm32f1xx_hal_tim_ex.o
LOAD ./Drivers/STM32F1xx_HAL_Driver/Src/stm32f1xx_hal_uart.o
LOAD ./User/Custom/Custom_String.o
LOAD ./User/DS3231_RTC/DS3231.o
LOAD ./User/LCD_I2C/LCD_I2C.o
LOAD ./User/PassiveBuzzer/BUZZER.o
START GROUP
LOAD /home/haidoan2098/st/stm32cubeide_1.18.0/plugins/com.st.stm32cube.ide.mcu.externaltools.gnu-tools-for-stm32.13.3.rel1.linux64_1.0.0.202410170706/tools/bin/../lib/gcc/arm-none-eabi/13.3.1/../../../../arm-none-eabi/lib/thumb/v7-m/nofp/libc_nano.a
LOAD /home/haidoan2098/st/stm32cubeide_1.18.0/plugins/com.st.stm32cube.ide.mcu.externaltools.gnu-tools-for-stm32.13.3.rel1.linux64_1.0.0.202410170706/tools/bin/../lib/gcc/arm-none-eabi/13.3.1/../../../../arm-none-eabi/lib/thumb/v7-m/nofp/libm.a
END GROUP
START GROUP
LOAD /home/haidoan2098/st/stm32cubeide_1.18.0/plugins/com.st.stm32cube.ide.mcu.externaltools.gnu-tools-for-stm32.13.3.rel1.linux64_1.0.0.202410170706/tools/bin/../lib/gcc/arm-none-eabi/13.3.1/thumb/v7-m/nofp/libgcc.a
LOAD /home/haidoan2098/st/stm32cubeide_1.18.0/plugins/com.st.stm32cube.ide.mcu.externaltools.gnu-tools-for-stm32.13.3.rel1.linux64_1.0.0.202410170706/tools/bin/../lib/gcc/arm-none-eabi/13.3.1/../../../../arm-none-eabi/lib/thumb/v7-m/nofp/libc_nano.a
END GROUP
START GROUP
LOAD /home/haidoan2098/st/stm32cubeide_1.18.0/plugins/com.st.stm32cube.ide.mcu.externaltools.gnu-tools-for-stm32.13.3.rel1.linux64_1.0.0.202410170706/tools/bin/../lib/gcc/arm-none-eabi/13.3.1/thumb/v7-m/nofp/libgcc.a
LOAD /home/haidoan2098/st/stm32cubeide_1.18.0/plugins/com.st.stm32cube.ide.mcu.externaltools.gnu-tools-for-stm32.13.3.rel1.linux64_1.0.0.202410170706/tools/bin/../lib/gcc/arm-none-eabi/13.3.1/../../../../arm-none-eabi/lib/thumb/v7-m/nofp/libc_nano.a
LOAD /home/haidoan2098/st/stm32cubeide_1.18.0/plugins/com.st.stm32cube.ide.mcu.externaltools.gnu-tools-for-stm32.13.3.rel1.linux64_1.0.0.202410170706/tools/bin/../lib/gcc/arm-none-eabi/13.3.1/../../../../arm-none-eabi/lib/thumb/v7-m/nofp/libnosys.a
END GROUP
START GROUP
LOAD /home/haidoan2098/st/stm32cubeide_1.18.0/plugins/com.st.stm32cube.ide.mcu.externaltools.gnu-tools-for-stm32.13.3.rel1.linux64_1.0.0.202410170706/tools/bin/../lib/gcc/arm-none-eabi/13.3.1/thumb/v7-m/nofp/libgcc.a
LOAD /home/haidoan2098/st/stm32cubeide_1.18.0/plugins/com.st.stm32cube.ide.mcu.externaltools.gnu-tools-for-stm32.13.3.rel1.linux64_1.0.0.202410170706/tools/bin/../lib/gcc/arm-none-eabi/13.3.1/../../../../arm-none-eabi/lib/thumb/v7-m/nofp/libc_nano.a
LOAD /home/haidoan2098/st/stm32cubeide_1.18.0/plugins/com.st.stm32cube.ide.mcu.externaltools.gnu-tools-for-stm32.13.3.rel1.linux64_1.0.0.202410170706/tools/bin/../lib/gcc/arm-none-eabi/13.3.1/../../../../arm-none-eabi/lib/thumb/v7-m/nofp/libnosys.a
END GROUP
LOAD /home/haidoan2098/st/stm32cubeide_1.18.0/plugins/com.st.stm32cube.ide.mcu.externaltools.gnu-tools-for-stm32.13.3.rel1.linux64_1.0.0.202410170706/tools/bin/../lib/gcc/arm-none-eabi/13.3.1/thumb/v7-m/nofp/crtend.o
LOAD /home/haidoan2098/st/stm32cubeide_1.18.0/plugins/com.st.stm32cube.ide.mcu.externaltools.gnu-tools-for-stm32.13.3.rel1.linux64_1.0.0.202410170706/tools/bin/../lib/gcc/arm-none-eabi/13.3.1/thumb/v7-m/nofp/crtn.o
                0x20005000                        _estack = (ORIGIN (RAM) + LENGTH (RAM))
                0x00000200                        _Min_Heap_Size = 0x200
                0x00000400                        _Min_Stack_Size = 0x400

.isr_vector     0x08000000      0x10c
                0x08000000                        . = ALIGN (0x4)
 *(.isr_vector)
 .isr_vector    0x08000000      0x10c ./Core/Startup/startup_stm32f103c8tx.o
                0x08000000                g_pfnVectors
                0x0800010c                        . = ALIGN (0x4)

.text           0x0800010c     0x6d9c
                0x0800010c                        . = ALIGN (0x4)
 *(.text)
 .text          0x0800010c       0x40 /home/haidoan2098/st/stm32cubeide_1.18.0/plugins/com.st.stm32cube.ide.mcu.externaltools.gnu-tools-for-stm32.13.3.rel1.linux64_1.0.0.202410170706/tools/bin/../lib/gcc/arm-none-eabi/13.3.1/thumb/v7-m/nofp/crtbegin.o
 *(.text*)
 .text.parseInternetTimeString
                0x0800014c      0x330 ./Core/Src/main.o
                0x0800014c                parseInternetTimeString
 .text.TimeInternetUpdateHandling
                0x0800047c       0xc4 ./Core/Src/main.o
                0x0800047c                TimeInternetUpdateHandling
 .text.HAL_GPIO_EXTI_Callback
                0x08000540       0x38 ./Core/Src/main.o
                0x08000540                HAL_GPIO_EXTI_Callback
 .text.HAL_UART_RxCpltCallback
                0x08000578       0x8c ./Core/Src/main.o
                0x08000578                HAL_UART_RxCpltCallback
 .text.main     0x08000604      0x130 ./Core/Src/main.o
                0x08000604                main
 .text.SystemClock_Config
                0x08000734       0x82 ./Core/Src/main.o
                0x08000734                SystemClock_Config
 *fill*         0x080007b6        0x2 
 .text.MX_I2C1_Init
                0x080007b8       0x5c ./Core/Src/main.o
 .text.MX_I2C2_Init
                0x08000814       0x5c ./Core/Src/main.o
 .text.MX_TIM2_Init
                0x08000870       0xec ./Core/Src/main.o
 .text.MX_USART1_UART_Init
                0x0800095c       0x54 ./Core/Src/main.o
 .text.MX_GPIO_Init
                0x080009b0       0xb8 ./Core/Src/main.o
 .text.playAlarmMelody1
                0x08000a68       0x44 ./Core/Src/main.o
                0x08000a68                playAlarmMelody1
 .text.playAlarmMelody2
                0x08000aac       0x44 ./Core/Src/main.o
                0x08000aac                playAlarmMelody2
 .text.alarmSound
                0x08000af0       0x20 ./Core/Src/main.o
                0x08000af0                alarmSound
 .text.LeapYearHandling
                0x08000b10       0x60 ./Core/Src/main.o
                0x08000b10                LeapYearHandling
 .text.daysInMonth
                0x08000b70       0x8a ./Core/Src/main.o
                0x08000b70                daysInMonth
 *fill*         0x08000bfa        0x2 
 .text.ModeAlarmHandling
                0x08000bfc       0x30 ./Core/Src/main.o
                0x08000bfc                ModeAlarmHandling
 .text.DisplayClockHandler
                0x08000c2c       0x98 ./Core/Src/main.o
                0x08000c2c                DisplayClockHandler
 .text.SetHourHandler
                0x08000cc4      0x13c ./Core/Src/main.o
                0x08000cc4                SetHourHandler
 .text.SetMinuteHandler
                0x08000e00      0x13c ./Core/Src/main.o
                0x08000e00                SetMinuteHandler
 .text.SetSecondHandler
                0x08000f3c      0x13c ./Core/Src/main.o
                0x08000f3c                SetSecondHandler
 .text.SetYearHandler
                0x08001078      0x13c ./Core/Src/main.o
                0x08001078                SetYearHandler
 .text.SetMonthHandler
                0x080011b4      0x13c ./Core/Src/main.o
                0x080011b4                SetMonthHandler
 .text.SetDateHandler
                0x080012f0      0x158 ./Core/Src/main.o
                0x080012f0                SetDateHandler
 .text.SetDayHandler
                0x08001448      0x13c ./Core/Src/main.o
                0x08001448                SetDayHandler
 .text.SetHourAlarmHandler
                0x08001584      0x100 ./Core/Src/main.o
                0x08001584                SetHourAlarmHandler
 .text.SetMinuteAlarmHandler
                0x08001684      0x100 ./Core/Src/main.o
                0x08001684                SetMinuteAlarmHandler
 .text.SetModeAlarmHandler
                0x08001784      0x114 ./Core/Src/main.o
                0x08001784                SetModeAlarmHandler
 .text.HandleClockStateMachine
                0x08001898      0x3a4 ./Core/Src/main.o
                0x08001898                HandleClockStateMachine
 .text.EnergySavingProcessing
                0x08001c3c       0x98 ./Core/Src/main.o
                0x08001c3c                EnergySavingProcessing
 .text.AlarmProcessing
                0x08001cd4       0xec ./Core/Src/main.o
                0x08001cd4                AlarmProcessing
 .text.Error_Handler
                0x08001dc0        0xc ./Core/Src/main.o
                0x08001dc0                Error_Handler
 .text.HAL_MspInit
                0x08001dcc       0x64 ./Core/Src/stm32f1xx_hal_msp.o
                0x08001dcc                HAL_MspInit
 .text.HAL_I2C_MspInit
                0x08001e30       0xd8 ./Core/Src/stm32f1xx_hal_msp.o
                0x08001e30                HAL_I2C_MspInit
 .text.HAL_TIM_Base_MspInit
                0x08001f08       0x38 ./Core/Src/stm32f1xx_hal_msp.o
                0x08001f08                HAL_TIM_Base_MspInit
 .text.HAL_TIM_MspPostInit
                0x08001f40       0x88 ./Core/Src/stm32f1xx_hal_msp.o
                0x08001f40                HAL_TIM_MspPostInit
 .text.HAL_UART_MspInit
                0x08001fc8       0xa8 ./Core/Src/stm32f1xx_hal_msp.o
                0x08001fc8                HAL_UART_MspInit
 .text.NMI_Handler
                0x08002070        0x8 ./Core/Src/stm32f1xx_it.o
                0x08002070                NMI_Handler
 .text.HardFault_Handler
                0x08002078        0x8 ./Core/Src/stm32f1xx_it.o
                0x08002078                HardFault_Handler
 .text.MemManage_Handler
                0x08002080        0x8 ./Core/Src/stm32f1xx_it.o
                0x08002080                MemManage_Handler
 .text.BusFault_Handler
                0x08002088        0x8 ./Core/Src/stm32f1xx_it.o
                0x08002088                BusFault_Handler
 .text.UsageFault_Handler
                0x08002090        0x8 ./Core/Src/stm32f1xx_it.o
                0x08002090                UsageFault_Handler
 .text.SVC_Handler
                0x08002098        0xc ./Core/Src/stm32f1xx_it.o
                0x08002098                SVC_Handler
 .text.DebugMon_Handler
                0x080020a4        0xc ./Core/Src/stm32f1xx_it.o
                0x080020a4                DebugMon_Handler
 .text.PendSV_Handler
                0x080020b0        0xc ./Core/Src/stm32f1xx_it.o
                0x080020b0                PendSV_Handler
 .text.SysTick_Handler
                0x080020bc        0xc ./Core/Src/stm32f1xx_it.o
                0x080020bc                SysTick_Handler
 .text.USART1_IRQHandler
                0x080020c8       0x14 ./Core/Src/stm32f1xx_it.o
                0x080020c8                USART1_IRQHandler
 .text.EXTI15_10_IRQHandler
                0x080020dc       0x10 ./Core/Src/stm32f1xx_it.o
                0x080020dc                EXTI15_10_IRQHandler
 .text._sbrk    0x080020ec       0x6c ./Core/Src/sysmem.o
                0x080020ec                _sbrk
 .text.SystemInit
                0x08002158        0xc ./Core/Src/system_stm32f1xx.o
                0x08002158                SystemInit
 .text.Reset_Handler
                0x08002164       0x48 ./Core/Startup/startup_stm32f103c8tx.o
                0x08002164                Reset_Handler
 .text.Default_Handler
                0x080021ac        0x2 ./Core/Startup/startup_stm32f103c8tx.o
                0x080021ac                RTC_Alarm_IRQHandler
                0x080021ac                EXTI2_IRQHandler
                0x080021ac                TIM1_CC_IRQHandler
                0x080021ac                PVD_IRQHandler
                0x080021ac                EXTI3_IRQHandler
                0x080021ac                EXTI0_IRQHandler
                0x080021ac                I2C2_EV_IRQHandler
                0x080021ac                ADC1_2_IRQHandler
                0x080021ac                SPI1_IRQHandler
                0x080021ac                TAMPER_IRQHandler
                0x080021ac                DMA1_Channel4_IRQHandler
                0x080021ac                USART3_IRQHandler
                0x080021ac                RTC_IRQHandler
                0x080021ac                DMA1_Channel7_IRQHandler
                0x080021ac                CAN1_RX1_IRQHandler
                0x080021ac                TIM4_IRQHandler
                0x080021ac                I2C1_EV_IRQHandler
                0x080021ac                DMA1_Channel6_IRQHandler
                0x080021ac                TIM3_IRQHandler
                0x080021ac                RCC_IRQHandler
                0x080021ac                TIM1_TRG_COM_IRQHandler
                0x080021ac                DMA1_Channel1_IRQHandler
                0x080021ac                Default_Handler
                0x080021ac                EXTI9_5_IRQHandler
                0x080021ac                SPI2_IRQHandler
                0x080021ac                DMA1_Channel5_IRQHandler
                0x080021ac                EXTI4_IRQHandler
                0x080021ac                USB_LP_CAN1_RX0_IRQHandler
                0x080021ac                USB_HP_CAN1_TX_IRQHandler
                0x080021ac                DMA1_Channel3_IRQHandler
                0x080021ac                TIM1_UP_IRQHandler
                0x080021ac                WWDG_IRQHandler
                0x080021ac                TIM2_IRQHandler
                0x080021ac                TIM1_BRK_IRQHandler
                0x080021ac                EXTI1_IRQHandler
                0x080021ac                USART2_IRQHandler
                0x080021ac                I2C2_ER_IRQHandler
                0x080021ac                DMA1_Channel2_IRQHandler
                0x080021ac                CAN1_SCE_IRQHandler
                0x080021ac                FLASH_IRQHandler
                0x080021ac                I2C1_ER_IRQHandler
                0x080021ac                USBWakeUp_IRQHandler
 *fill*         0x080021ae        0x2 
 .text.HAL_Init
                0x080021b0       0x2c ./Drivers/STM32F1xx_HAL_Driver/Src/stm32f1xx_hal.o
                0x080021b0                HAL_Init
 .text.HAL_InitTick
                0x080021dc       0x60 ./Drivers/STM32F1xx_HAL_Driver/Src/stm32f1xx_hal.o
                0x080021dc                HAL_InitTick
 .text.HAL_IncTick
                0x0800223c       0x24 ./Drivers/STM32F1xx_HAL_Driver/Src/stm32f1xx_hal.o
                0x0800223c                HAL_IncTick
 .text.HAL_GetTick
                0x08002260       0x14 ./Drivers/STM32F1xx_HAL_Driver/Src/stm32f1xx_hal.o
                0x08002260                HAL_GetTick
 .text.HAL_Delay
                0x08002274       0x48 ./Drivers/STM32F1xx_HAL_Driver/Src/stm32f1xx_hal.o
                0x08002274                HAL_Delay
 .text.__NVIC_SetPriorityGrouping
                0x080022bc       0x48 ./Drivers/STM32F1xx_HAL_Driver/Src/stm32f1xx_hal_cortex.o
 .text.__NVIC_GetPriorityGrouping
                0x08002304       0x1c ./Drivers/STM32F1xx_HAL_Driver/Src/stm32f1xx_hal_cortex.o
 .text.__NVIC_EnableIRQ
                0x08002320       0x38 ./Drivers/STM32F1xx_HAL_Driver/Src/stm32f1xx_hal_cortex.o
 .text.__NVIC_SetPriority
                0x08002358       0x54 ./Drivers/STM32F1xx_HAL_Driver/Src/stm32f1xx_hal_cortex.o
 .text.NVIC_EncodePriority
                0x080023ac       0x64 ./Drivers/STM32F1xx_HAL_Driver/Src/stm32f1xx_hal_cortex.o
 .text.SysTick_Config
                0x08002410       0x44 ./Drivers/STM32F1xx_HAL_Driver/Src/stm32f1xx_hal_cortex.o
 .text.HAL_NVIC_SetPriorityGrouping
                0x08002454       0x16 ./Drivers/STM32F1xx_HAL_Driver/Src/stm32f1xx_hal_cortex.o
                0x08002454                HAL_NVIC_SetPriorityGrouping
 .text.HAL_NVIC_SetPriority
                0x0800246a       0x38 ./Drivers/STM32F1xx_HAL_Driver/Src/stm32f1xx_hal_cortex.o
                0x0800246a                HAL_NVIC_SetPriority
 .text.HAL_NVIC_EnableIRQ
                0x080024a2       0x1c ./Drivers/STM32F1xx_HAL_Driver/Src/stm32f1xx_hal_cortex.o
                0x080024a2                HAL_NVIC_EnableIRQ
 .text.HAL_SYSTICK_Config
                0x080024be       0x18 ./Drivers/STM32F1xx_HAL_Driver/Src/stm32f1xx_hal_cortex.o
                0x080024be                HAL_SYSTICK_Config
 .text.HAL_DMA_Abort
                0x080024d6       0x76 ./Drivers/STM32F1xx_HAL_Driver/Src/stm32f1xx_hal_dma.o
                0x080024d6                HAL_DMA_Abort
 .text.HAL_DMA_Abort_IT
                0x0800254c       0xf0 ./Drivers/STM32F1xx_HAL_Driver/Src/stm32f1xx_hal_dma.o
                0x0800254c                HAL_DMA_Abort_IT
 .text.HAL_GPIO_Init
                0x0800263c      0x308 ./Drivers/STM32F1xx_HAL_Driver/Src/stm32f1xx_hal_gpio.o
                0x0800263c                HAL_GPIO_Init
 .text.HAL_GPIO_ReadPin
                0x08002944       0x2e ./Drivers/STM32F1xx_HAL_Driver/Src/stm32f1xx_hal_gpio.o
                0x08002944                HAL_GPIO_ReadPin
 *fill*         0x08002972        0x2 
 .text.HAL_GPIO_EXTI_IRQHandler
                0x08002974       0x30 ./Drivers/STM32F1xx_HAL_Driver/Src/stm32f1xx_hal_gpio.o
                0x08002974                HAL_GPIO_EXTI_IRQHandler
 .text.HAL_I2C_Init
                0x080029a4      0x288 ./Drivers/STM32F1xx_HAL_Driver/Src/stm32f1xx_hal_i2c.o
                0x080029a4                HAL_I2C_Init
 .text.HAL_I2C_Master_Transmit
                0x08002c2c      0x1fc ./Drivers/STM32F1xx_HAL_Driver/Src/stm32f1xx_hal_i2c.o
                0x08002c2c                HAL_I2C_Master_Transmit
 .text.HAL_I2C_Mem_Write
                0x08002e28      0x1f4 ./Drivers/STM32F1xx_HAL_Driver/Src/stm32f1xx_hal_i2c.o
                0x08002e28                HAL_I2C_Mem_Write
 .text.HAL_I2C_Mem_Read
                0x0800301c      0x4e8 ./Drivers/STM32F1xx_HAL_Driver/Src/stm32f1xx_hal_i2c.o
                0x0800301c                HAL_I2C_Mem_Read
 .text.I2C_MasterRequestWrite
                0x08003504      0x104 ./Drivers/STM32F1xx_HAL_Driver/Src/stm32f1xx_hal_i2c.o
 .text.I2C_RequestMemoryWrite
                0x08003608      0x12c ./Drivers/STM32F1xx_HAL_Driver/Src/stm32f1xx_hal_i2c.o
 .text.I2C_RequestMemoryRead
                0x08003734      0x1d0 ./Drivers/STM32F1xx_HAL_Driver/Src/stm32f1xx_hal_i2c.o
 .text.I2C_WaitOnFlagUntilTimeout
                0x08003904       0xf4 ./Drivers/STM32F1xx_HAL_Driver/Src/stm32f1xx_hal_i2c.o
 .text.I2C_WaitOnMasterAddressFlagUntilTimeout
                0x080039f8      0x140 ./Drivers/STM32F1xx_HAL_Driver/Src/stm32f1xx_hal_i2c.o
 .text.I2C_WaitOnTXEFlagUntilTimeout
                0x08003b38       0x90 ./Drivers/STM32F1xx_HAL_Driver/Src/stm32f1xx_hal_i2c.o
 .text.I2C_WaitOnBTFFlagUntilTimeout
                0x08003bc8       0x90 ./Drivers/STM32F1xx_HAL_Driver/Src/stm32f1xx_hal_i2c.o
 .text.I2C_WaitOnRXNEFlagUntilTimeout
                0x08003c58       0xba ./Drivers/STM32F1xx_HAL_Driver/Src/stm32f1xx_hal_i2c.o
 .text.I2C_IsAcknowledgeFailed
                0x08003d12       0x5c ./Drivers/STM32F1xx_HAL_Driver/Src/stm32f1xx_hal_i2c.o
 *fill*         0x08003d6e        0x2 
 .text.HAL_RCC_OscConfig
                0x08003d70      0x504 ./Drivers/STM32F1xx_HAL_Driver/Src/stm32f1xx_hal_rcc.o
                0x08003d70                HAL_RCC_OscConfig
 .text.HAL_RCC_ClockConfig
                0x08004274      0x1d4 ./Drivers/STM32F1xx_HAL_Driver/Src/stm32f1xx_hal_rcc.o
                0x08004274                HAL_RCC_ClockConfig
 .text.HAL_RCC_GetSysClockFreq
                0x08004448       0xa8 ./Drivers/STM32F1xx_HAL_Driver/Src/stm32f1xx_hal_rcc.o
                0x08004448                HAL_RCC_GetSysClockFreq
 .text.HAL_RCC_GetHCLKFreq
                0x080044f0       0x14 ./Drivers/STM32F1xx_HAL_Driver/Src/stm32f1xx_hal_rcc.o
                0x080044f0                HAL_RCC_GetHCLKFreq
 .text.HAL_RCC_GetPCLK1Freq
                0x08004504       0x28 ./Drivers/STM32F1xx_HAL_Driver/Src/stm32f1xx_hal_rcc.o
                0x08004504                HAL_RCC_GetPCLK1Freq
 .text.HAL_RCC_GetPCLK2Freq
                0x0800452c       0x28 ./Drivers/STM32F1xx_HAL_Driver/Src/stm32f1xx_hal_rcc.o
                0x0800452c                HAL_RCC_GetPCLK2Freq
 .text.RCC_Delay
                0x08004554       0x3c ./Drivers/STM32F1xx_HAL_Driver/Src/stm32f1xx_hal_rcc.o
 .text.HAL_TIM_Base_Init
                0x08004590       0x9e ./Drivers/STM32F1xx_HAL_Driver/Src/stm32f1xx_hal_tim.o
                0x08004590                HAL_TIM_Base_Init
 .text.HAL_TIM_PWM_Init
                0x0800462e       0x9e ./Drivers/STM32F1xx_HAL_Driver/Src/stm32f1xx_hal_tim.o
                0x0800462e                HAL_TIM_PWM_Init
 .text.HAL_TIM_PWM_MspInit
                0x080046cc       0x12 ./Drivers/STM32F1xx_HAL_Driver/Src/stm32f1xx_hal_tim.o
                0x080046cc                HAL_TIM_PWM_MspInit
 *fill*         0x080046de        0x2 
 .text.HAL_TIM_PWM_Start
                0x080046e0      0x144 ./Drivers/STM32F1xx_HAL_Driver/Src/stm32f1xx_hal_tim.o
                0x080046e0                HAL_TIM_PWM_Start
 .text.HAL_TIM_PWM_ConfigChannel
                0x08004824      0x184 ./Drivers/STM32F1xx_HAL_Driver/Src/stm32f1xx_hal_tim.o
                0x08004824                HAL_TIM_PWM_ConfigChannel
 .text.HAL_TIM_ConfigClockSource
                0x080049a8      0x18e ./Drivers/STM32F1xx_HAL_Driver/Src/stm32f1xx_hal_tim.o
                0x080049a8                HAL_TIM_ConfigClockSource
 *fill*         0x08004b36        0x2 
 .text.TIM_Base_SetConfig
                0x08004b38       0xdc ./Drivers/STM32F1xx_HAL_Driver/Src/stm32f1xx_hal_tim.o
                0x08004b38                TIM_Base_SetConfig
 .text.TIM_OC1_SetConfig
                0x08004c14       0xcc ./Drivers/STM32F1xx_HAL_Driver/Src/stm32f1xx_hal_tim.o
 .text.TIM_OC2_SetConfig
                0x08004ce0       0xd4 ./Drivers/STM32F1xx_HAL_Driver/Src/stm32f1xx_hal_tim.o
                0x08004ce0                TIM_OC2_SetConfig
 .text.TIM_OC3_SetConfig
                0x08004db4       0xd4 ./Drivers/STM32F1xx_HAL_Driver/Src/stm32f1xx_hal_tim.o
 .text.TIM_OC4_SetConfig
                0x08004e88       0x9c ./Drivers/STM32F1xx_HAL_Driver/Src/stm32f1xx_hal_tim.o
 .text.TIM_TI1_ConfigInputStage
                0x08004f24       0x5c ./Drivers/STM32F1xx_HAL_Driver/Src/stm32f1xx_hal_tim.o
 .text.TIM_TI2_ConfigInputStage
                0x08004f80       0x5e ./Drivers/STM32F1xx_HAL_Driver/Src/stm32f1xx_hal_tim.o
 .text.TIM_ITRx_SetConfig
                0x08004fde       0x34 ./Drivers/STM32F1xx_HAL_Driver/Src/stm32f1xx_hal_tim.o
 .text.TIM_ETR_SetConfig
                0x08005012       0x3e ./Drivers/STM32F1xx_HAL_Driver/Src/stm32f1xx_hal_tim.o
                0x08005012                TIM_ETR_SetConfig
 .text.TIM_CCxChannelCmd
                0x08005050       0x48 ./Drivers/STM32F1xx_HAL_Driver/Src/stm32f1xx_hal_tim.o
                0x08005050                TIM_CCxChannelCmd
 .text.HAL_TIMEx_MasterConfigSynchronization
                0x08005098       0xbc ./Drivers/STM32F1xx_HAL_Driver/Src/stm32f1xx_hal_tim_ex.o
                0x08005098                HAL_TIMEx_MasterConfigSynchronization
 .text.HAL_UART_Init
                0x08005154       0xa0 ./Drivers/STM32F1xx_HAL_Driver/Src/stm32f1xx_hal_uart.o
                0x08005154                HAL_UART_Init
 .text.HAL_UART_Receive_IT
                0x080051f4       0x4a ./Drivers/STM32F1xx_HAL_Driver/Src/stm32f1xx_hal_uart.o
                0x080051f4                HAL_UART_Receive_IT
 *fill*         0x0800523e        0x2 
 .text.HAL_UART_IRQHandler
                0x08005240      0x524 ./Drivers/STM32F1xx_HAL_Driver/Src/stm32f1xx_hal_uart.o
                0x08005240                HAL_UART_IRQHandler
 .text.HAL_UART_TxCpltCallback
                0x08005764       0x12 ./Drivers/STM32F1xx_HAL_Driver/Src/stm32f1xx_hal_uart.o
                0x08005764                HAL_UART_TxCpltCallback
 .text.HAL_UART_ErrorCallback
                0x08005776       0x12 ./Drivers/STM32F1xx_HAL_Driver/Src/stm32f1xx_hal_uart.o
                0x08005776                HAL_UART_ErrorCallback
 .text.HAL_UARTEx_RxEventCallback
                0x08005788       0x16 ./Drivers/STM32F1xx_HAL_Driver/Src/stm32f1xx_hal_uart.o
                0x08005788                HAL_UARTEx_RxEventCallback
 .text.UART_Start_Receive_IT
                0x0800579e       0x72 ./Drivers/STM32F1xx_HAL_Driver/Src/stm32f1xx_hal_uart.o
                0x0800579e                UART_Start_Receive_IT
 .text.UART_EndRxTransfer
                0x08005810       0xc4 ./Drivers/STM32F1xx_HAL_Driver/Src/stm32f1xx_hal_uart.o
 .text.UART_DMAAbortOnError
                0x080058d4       0x28 ./Drivers/STM32F1xx_HAL_Driver/Src/stm32f1xx_hal_uart.o
 .text.UART_Transmit_IT
                0x080058fc       0x9e ./Drivers/STM32F1xx_HAL_Driver/Src/stm32f1xx_hal_uart.o
 .text.UART_EndTransmit_IT
                0x0800599a       0x30 ./Drivers/STM32F1xx_HAL_Driver/Src/stm32f1xx_hal_uart.o
 .text.UART_Receive_IT
                0x080059ca      0x17c ./Drivers/STM32F1xx_HAL_Driver/Src/stm32f1xx_hal_uart.o
 *fill*         0x08005b46        0x2 
 .text.UART_SetConfig
                0x08005b48      0x11c ./Drivers/STM32F1xx_HAL_Driver/Src/stm32f1xx_hal_uart.o
 .text.getLengStr
                0x08005c64       0x2c ./User/Custom/Custom_String.o
                0x08005c64                getLengStr
 .text.strCompare
                0x08005c90       0x62 ./User/Custom/Custom_String.o
                0x08005c90                strCompare
 .text.Handle_I2C_Error
                0x08005cf2        0xc ./User/DS3231_RTC/DS3231.o
 .text.DS3231_BCDtoDec
                0x08005cfe       0x30 ./User/DS3231_RTC/DS3231.o
 *fill*         0x08005d2e        0x2 
 .text.DS3231_DectoBCD
                0x08005d30       0x48 ./User/DS3231_RTC/DS3231.o
 .text.I2C_WriteTime
                0x08005d78       0x2e ./User/DS3231_RTC/DS3231.o
 .text.I2C_ReadTime
                0x08005da6       0x2e ./User/DS3231_RTC/DS3231.o
 .text.I2C_WriteDate
                0x08005dd4       0x2e ./User/DS3231_RTC/DS3231.o
 .text.I2C_ReadDate
                0x08005e02       0x2e ./User/DS3231_RTC/DS3231.o
 .text.I2C_WriteAlarm2
                0x08005e30       0x2e ./User/DS3231_RTC/DS3231.o
 .text.I2C_ReadAlarm2
                0x08005e5e       0x2e ./User/DS3231_RTC/DS3231.o
 .text.DS3231_DateTime_Init
                0x08005e8c       0x1a ./User/DS3231_RTC/DS3231.o
                0x08005e8c                DS3231_DateTime_Init
 .text.DS3231_SetTime
                0x08005ea6       0x62 ./User/DS3231_RTC/DS3231.o
                0x08005ea6                DS3231_SetTime
 .text.DS3231_GetTime
                0x08005f08       0x58 ./User/DS3231_RTC/DS3231.o
                0x08005f08                DS3231_GetTime
 .text.DS3231_SetDate
                0x08005f60       0x72 ./User/DS3231_RTC/DS3231.o
                0x08005f60                DS3231_SetDate
 .text.DS3231_GetDate
                0x08005fd2       0x6a ./User/DS3231_RTC/DS3231.o
                0x08005fd2                DS3231_GetDate
 .text.DS3231_Alarm2_Init
                0x0800603c       0x72 ./User/DS3231_RTC/DS3231.o
                0x0800603c                DS3231_Alarm2_Init
 .text.DS3231_SetAlarm2
                0x080060ae       0x56 ./User/DS3231_RTC/DS3231.o
                0x080060ae                DS3231_SetAlarm2
 .text.DS3231_GetAlarm2
                0x08006104       0x46 ./User/DS3231_RTC/DS3231.o
                0x08006104                DS3231_GetAlarm2
 .text.DS3231_ClearnFlagAlarm2
                0x0800614a       0x6a ./User/DS3231_RTC/DS3231.o
                0x0800614a                DS3231_ClearnFlagAlarm2
 .text.DS3231_EnOrDisAlarm2
                0x080061b4       0x7c ./User/DS3231_RTC/DS3231.o
                0x080061b4                DS3231_EnOrDisAlarm2
 .text.DS3231_CheckModeAlarm2
                0x08006230       0x44 ./User/DS3231_RTC/DS3231.o
                0x08006230                DS3231_CheckModeAlarm2
 .text.LCD_send_cmd
                0x08006274       0x88 ./User/LCD_I2C/LCD_I2C.o
                0x08006274                LCD_send_cmd
 .text.LCD_send_data
                0x080062fc       0x94 ./User/LCD_I2C/LCD_I2C.o
                0x080062fc                LCD_send_data
 .text.LCD_backlight_on
                0x08006390       0x18 ./User/LCD_I2C/LCD_I2C.o
                0x08006390                LCD_backlight_on
 .text.LCD_backlight_off
                0x080063a8       0x18 ./User/LCD_I2C/LCD_I2C.o
                0x080063a8                LCD_backlight_off
 .text.LCD_Init
                0x080063c0       0x5c ./User/LCD_I2C/LCD_I2C.o
                0x080063c0                LCD_Init
 .text.LCD_send_string
                0x0800641c       0x2a ./User/LCD_I2C/LCD_I2C.o
                0x0800641c                LCD_send_string
 .text.LCD_clear_display
                0x08006446        0xe ./User/LCD_I2C/LCD_I2C.o
                0x08006446                LCD_clear_display
 .text.LCD_goto_XY
                0x08006454       0x44 ./User/LCD_I2C/LCD_I2C.o
                0x08006454                LCD_goto_XY
 .text.LCD_blink_cursor_on
                0x08006498        0xe ./User/LCD_I2C/LCD_I2C.o
                0x08006498                LCD_blink_cursor_on
 .text.LCD_blink_cursor_off
                0x080064a6        0xe ./User/LCD_I2C/LCD_I2C.o
                0x080064a6                LCD_blink_cursor_off
 .text.presForFrequency
                0x080064b4       0x38 ./User/PassiveBuzzer/BUZZER.o
                0x080064b4                presForFrequency
 .text.noTone   0x080064ec       0x1a ./User/PassiveBuzzer/BUZZER.o
                0x080064ec                noTone
 .text.playTone
                0x08006506       0x28 ./User/PassiveBuzzer/BUZZER.o
                0x08006506                playTone
 *fill*         0x0800652e        0x2 
 .text.sprintf  0x08006530       0x44 /home/haidoan2098/st/stm32cubeide_1.18.0/plugins/com.st.stm32cube.ide.mcu.externaltools.gnu-tools-for-stm32.13.3.rel1.linux64_1.0.0.202410170706/tools/bin/../lib/gcc/arm-none-eabi/13.3.1/../../../../arm-none-eabi/lib/thumb/v7-m/nofp/libc_nano.a(libc_a-sprintf.o)
                0x08006530                sprintf
                0x08006530                siprintf
 .text.memset   0x08006574       0x10 /home/haidoan2098/st/stm32cubeide_1.18.0/plugins/com.st.stm32cube.ide.mcu.externaltools.gnu-tools-for-stm32.13.3.rel1.linux64_1.0.0.202410170706/tools/bin/../lib/gcc/arm-none-eabi/13.3.1/../../../../arm-none-eabi/lib/thumb/v7-m/nofp/libc_nano.a(libc_a-memset.o)
                0x08006574                memset
 .text.__errno  0x08006584        0xc /home/haidoan2098/st/stm32cubeide_1.18.0/plugins/com.st.stm32cube.ide.mcu.externaltools.gnu-tools-for-stm32.13.3.rel1.linux64_1.0.0.202410170706/tools/bin/../lib/gcc/arm-none-eabi/13.3.1/../../../../arm-none-eabi/lib/thumb/v7-m/nofp/libc_nano.a(libc_a-errno.o)
                0x08006584                __errno
 .text.__libc_init_array
                0x08006590       0x48 /home/haidoan2098/st/stm32cubeide_1.18.0/plugins/com.st.stm32cube.ide.mcu.externaltools.gnu-tools-for-stm32.13.3.rel1.linux64_1.0.0.202410170706/tools/bin/../lib/gcc/arm-none-eabi/13.3.1/../../../../arm-none-eabi/lib/thumb/v7-m/nofp/libc_nano.a(libc_a-init.o)
                0x08006590                __libc_init_array
 .text.__retarget_lock_acquire_recursive
                0x080065d8        0x2 /home/haidoan2098/st/stm32cubeide_1.18.0/plugins/com.st.stm32cube.ide.mcu.externaltools.gnu-tools-for-stm32.13.3.rel1.linux64_1.0.0.202410170706/tools/bin/../lib/gcc/arm-none-eabi/13.3.1/../../../../arm-none-eabi/lib/thumb/v7-m/nofp/libc_nano.a(libc_a-lock.o)
                0x080065d8                __retarget_lock_acquire_recursive
 .text.__retarget_lock_release_recursive
                0x080065da        0x2 /home/haidoan2098/st/stm32cubeide_1.18.0/plugins/com.st.stm32cube.ide.mcu.externaltools.gnu-tools-for-stm32.13.3.rel1.linux64_1.0.0.202410170706/tools/bin/../lib/gcc/arm-none-eabi/13.3.1/../../../../arm-none-eabi/lib/thumb/v7-m/nofp/libc_nano.a(libc_a-lock.o)
                0x080065da                __retarget_lock_release_recursive
 .text._free_r  0x080065dc       0x90 /home/haidoan2098/st/stm32cubeide_1.18.0/plugins/com.st.stm32cube.ide.mcu.externaltools.gnu-tools-for-stm32.13.3.rel1.linux64_1.0.0.202410170706/tools/bin/../lib/gcc/arm-none-eabi/13.3.1/../../../../arm-none-eabi/lib/thumb/v7-m/nofp/libc_nano.a(libc_a-freer.o)
                0x080065dc                _free_r
 .text.sbrk_aligned
                0x0800666c       0x44 /home/haidoan2098/st/stm32cubeide_1.18.0/plugins/com.st.stm32cube.ide.mcu.externaltools.gnu-tools-for-stm32.13.3.rel1.linux64_1.0.0.202410170706/tools/bin/../lib/gcc/arm-none-eabi/13.3.1/../../../../arm-none-eabi/lib/thumb/v7-m/nofp/libc_nano.a(libc_a-mallocr.o)
 .text._malloc_r
                0x080066b0      0x100 /home/haidoan2098/st/stm32cubeide_1.18.0/plugins/com.st.stm32cube.ide.mcu.externaltools.gnu-tools-for-stm32.13.3.rel1.linux64_1.0.0.202410170706/tools/bin/../lib/gcc/arm-none-eabi/13.3.1/../../../../arm-none-eabi/lib/thumb/v7-m/nofp/libc_nano.a(libc_a-mallocr.o)
                0x080066b0                _malloc_r
 .text.__malloc_lock
                0x080067b0        0xc /home/haidoan2098/st/stm32cubeide_1.18.0/plugins/com.st.stm32cube.ide.mcu.externaltools.gnu-tools-for-stm32.13.3.rel1.linux64_1.0.0.202410170706/tools/bin/../lib/gcc/arm-none-eabi/13.3.1/../../../../arm-none-eabi/lib/thumb/v7-m/nofp/libc_nano.a(libc_a-mlock.o)
                0x080067b0                __malloc_lock
 .text.__malloc_unlock
                0x080067bc        0xc /home/haidoan2098/st/stm32cubeide_1.18.0/plugins/com.st.stm32cube.ide.mcu.externaltools.gnu-tools-for-stm32.13.3.rel1.linux64_1.0.0.202410170706/tools/bin/../lib/gcc/arm-none-eabi/13.3.1/../../../../arm-none-eabi/lib/thumb/v7-m/nofp/libc_nano.a(libc_a-mlock.o)
                0x080067bc                __malloc_unlock
 .text.__ssputs_r
                0x080067c8       0xb6 /home/haidoan2098/st/stm32cubeide_1.18.0/plugins/com.st.stm32cube.ide.mcu.externaltools.gnu-tools-for-stm32.13.3.rel1.linux64_1.0.0.202410170706/tools/bin/../lib/gcc/arm-none-eabi/13.3.1/../../../../arm-none-eabi/lib/thumb/v7-m/nofp/libc_nano.a(libc_a-nano-svfprintf.o)
                0x080067c8                __ssputs_r
 *fill*         0x0800687e        0x2 
 .text._svfprintf_r
                0x08006880      0x1f8 /home/haidoan2098/st/stm32cubeide_1.18.0/plugins/com.st.stm32cube.ide.mcu.externaltools.gnu-tools-for-stm32.13.3.rel1.linux64_1.0.0.202410170706/tools/bin/../lib/gcc/arm-none-eabi/13.3.1/../../../../arm-none-eabi/lib/thumb/v7-m/nofp/libc_nano.a(libc_a-nano-svfprintf.o)
                0x08006880                _svfprintf_r
                0x08006880                _svfiprintf_r
 .text._printf_common
                0x08006a78       0xe4 /home/haidoan2098/st/stm32cubeide_1.18.0/plugins/com.st.stm32cube.ide.mcu.externaltools.gnu-tools-for-stm32.13.3.rel1.linux64_1.0.0.202410170706/tools/bin/../lib/gcc/arm-none-eabi/13.3.1/../../../../arm-none-eabi/lib/thumb/v7-m/nofp/libc_nano.a(libc_a-nano-vfprintf_i.o)
                0x08006a78                _printf_common
 .text._printf_i
                0x08006b5c      0x23c /home/haidoan2098/st/stm32cubeide_1.18.0/plugins/com.st.stm32cube.ide.mcu.externaltools.gnu-tools-for-stm32.13.3.rel1.linux64_1.0.0.202410170706/tools/bin/../lib/gcc/arm-none-eabi/13.3.1/../../../../arm-none-eabi/lib/thumb/v7-m/nofp/libc_nano.a(libc_a-nano-vfprintf_i.o)
                0x08006b5c                _printf_i
 .text.memmove  0x08006d98       0x34 /home/haidoan2098/st/stm32cubeide_1.18.0/plugins/com.st.stm32cube.ide.mcu.externaltools.gnu-tools-for-stm32.13.3.rel1.linux64_1.0.0.202410170706/tools/bin/../lib/gcc/arm-none-eabi/13.3.1/../../../../arm-none-eabi/lib/thumb/v7-m/nofp/libc_nano.a(libc_a-memmove.o)
                0x08006d98                memmove
 .text._sbrk_r  0x08006dcc       0x20 /home/haidoan2098/st/stm32cubeide_1.18.0/plugins/com.st.stm32cube.ide.mcu.externaltools.gnu-tools-for-stm32.13.3.rel1.linux64_1.0.0.202410170706/tools/bin/../lib/gcc/arm-none-eabi/13.3.1/../../../../arm-none-eabi/lib/thumb/v7-m/nofp/libc_nano.a(libc_a-sbrkr.o)
                0x08006dcc                _sbrk_r
 .text.memchr   0x08006dec       0x1c /home/haidoan2098/st/stm32cubeide_1.18.0/plugins/com.st.stm32cube.ide.mcu.externaltools.gnu-tools-for-stm32.13.3.rel1.linux64_1.0.0.202410170706/tools/bin/../lib/gcc/arm-none-eabi/13.3.1/../../../../arm-none-eabi/lib/thumb/v7-m/nofp/libc_nano.a(libc_a-memchr-stub.o)
                0x08006dec                memchr
 .text.memcpy   0x08006e08       0x1c /home/haidoan2098/st/stm32cubeide_1.18.0/plugins/com.st.stm32cube.ide.mcu.externaltools.gnu-tools-for-stm32.13.3.rel1.linux64_1.0.0.202410170706/tools/bin/../lib/gcc/arm-none-eabi/13.3.1/../../../../arm-none-eabi/lib/thumb/v7-m/nofp/libc_nano.a(libc_a-memcpy-stub.o)
                0x08006e08                memcpy
 .text._realloc_r
                0x08006e24       0x5c /home/haidoan2098/st/stm32cubeide_1.18.0/plugins/com.st.stm32cube.ide.mcu.externaltools.gnu-tools-for-stm32.13.3.rel1.linux64_1.0.0.202410170706/tools/bin/../lib/gcc/arm-none-eabi/13.3.1/../../../../arm-none-eabi/lib/thumb/v7-m/nofp/libc_nano.a(libc_a-reallocr.o)
                0x08006e24                _realloc_r
 .text._malloc_usable_size_r
                0x08006e80       0x10 /home/haidoan2098/st/stm32cubeide_1.18.0/plugins/com.st.stm32cube.ide.mcu.externaltools.gnu-tools-for-stm32.13.3.rel1.linux64_1.0.0.202410170706/tools/bin/../lib/gcc/arm-none-eabi/13.3.1/../../../../arm-none-eabi/lib/thumb/v7-m/nofp/libc_nano.a(libc_a-msizer.o)
                0x08006e80                _malloc_usable_size_r
 *(.glue_7)
 .glue_7        0x08006e90        0x0 linker stubs
 *(.glue_7t)
 .glue_7t       0x08006e90        0x0 linker stubs
 *(.eh_frame)
 .eh_frame      0x08006e90        0x0 /home/haidoan2098/st/stm32cubeide_1.18.0/plugins/com.st.stm32cube.ide.mcu.externaltools.gnu-tools-for-stm32.13.3.rel1.linux64_1.0.0.202410170706/tools/bin/../lib/gcc/arm-none-eabi/13.3.1/thumb/v7-m/nofp/crtbegin.o
 *(.init)
 .init          0x08006e90        0x4 /home/haidoan2098/st/stm32cubeide_1.18.0/plugins/com.st.stm32cube.ide.mcu.externaltools.gnu-tools-for-stm32.13.3.rel1.linux64_1.0.0.202410170706/tools/bin/../lib/gcc/arm-none-eabi/13.3.1/thumb/v7-m/nofp/crti.o
                0x08006e90                _init
 .init          0x08006e94        0x8 /home/haidoan2098/st/stm32cubeide_1.18.0/plugins/com.st.stm32cube.ide.mcu.externaltools.gnu-tools-for-stm32.13.3.rel1.linux64_1.0.0.202410170706/tools/bin/../lib/gcc/arm-none-eabi/13.3.1/thumb/v7-m/nofp/crtn.o
 *(.fini)
 .fini          0x08006e9c        0x4 /home/haidoan2098/st/stm32cubeide_1.18.0/plugins/com.st.stm32cube.ide.mcu.externaltools.gnu-tools-for-stm32.13.3.rel1.linux64_1.0.0.202410170706/tools/bin/../lib/gcc/arm-none-eabi/13.3.1/thumb/v7-m/nofp/crti.o
                0x08006e9c                _fini
 .fini          0x08006ea0        0x8 /home/haidoan2098/st/stm32cubeide_1.18.0/plugins/com.st.stm32cube.ide.mcu.externaltools.gnu-tools-for-stm32.13.3.rel1.linux64_1.0.0.202410170706/tools/bin/../lib/gcc/arm-none-eabi/13.3.1/thumb/v7-m/nofp/crtn.o
                0x08006ea8                        . = ALIGN (0x4)
                0x08006ea8                        _etext = .

.vfp11_veneer   0x08006ea8        0x0
 .vfp11_veneer  0x08006ea8        0x0 linker stubs

.v4_bx          0x08006ea8        0x0
 .v4_bx         0x08006ea8        0x0 linker stubs

.iplt           0x08006ea8        0x0
 .iplt          0x08006ea8        0x0 /home/haidoan2098/st/stm32cubeide_1.18.0/plugins/com.st.stm32cube.ide.mcu.externaltools.gnu-tools-for-stm32.13.3.rel1.linux64_1.0.0.202410170706/tools/bin/../lib/gcc/arm-none-eabi/13.3.1/thumb/v7-m/nofp/crtbegin.o

.rodata         0x08006ea8      0x150
                0x08006ea8                        . = ALIGN (0x4)
 *(.rodata)
 .rodata        0x08006ea8       0xb7 ./Core/Src/main.o
 *(.rodata*)
 *fill*         0x08006f5f        0x1 
 .rodata.alarmMelody1
                0x08006f60       0x1e ./Core/Src/main.o
                0x08006f60                alarmMelody1
 *fill*         0x08006f7e        0x2 
 .rodata.alarmMelody2
                0x08006f80       0x18 ./Core/Src/main.o
                0x08006f80                alarmMelody2
 .rodata.AHBPrescTable
                0x08006f98       0x10 ./Core/Src/system_stm32f1xx.o
                0x08006f98                AHBPrescTable
 .rodata.APBPrescTable
                0x08006fa8        0x8 ./Core/Src/system_stm32f1xx.o
                0x08006fa8                APBPrescTable
 .rodata.aPLLMULFactorTable.1
                0x08006fb0       0x10 ./Drivers/STM32F1xx_HAL_Driver/Src/stm32f1xx_hal_rcc.o
 .rodata.aPredivFactorTable.0
                0x08006fc0        0x2 ./Drivers/STM32F1xx_HAL_Driver/Src/stm32f1xx_hal_rcc.o
 .rodata._svfprintf_r.str1.1
                0x08006fc2       0x33 /home/haidoan2098/st/stm32cubeide_1.18.0/plugins/com.st.stm32cube.ide.mcu.externaltools.gnu-tools-for-stm32.13.3.rel1.linux64_1.0.0.202410170706/tools/bin/../lib/gcc/arm-none-eabi/13.3.1/../../../../arm-none-eabi/lib/thumb/v7-m/nofp/libc_nano.a(libc_a-nano-svfprintf.o)
                                 0x11 (size before relaxing)
 .rodata._printf_i.str1.1
                0x08006ff5       0x22 /home/haidoan2098/st/stm32cubeide_1.18.0/plugins/com.st.stm32cube.ide.mcu.externaltools.gnu-tools-for-stm32.13.3.rel1.linux64_1.0.0.202410170706/tools/bin/../lib/gcc/arm-none-eabi/13.3.1/../../../../arm-none-eabi/lib/thumb/v7-m/nofp/libc_nano.a(libc_a-nano-vfprintf_i.o)
                0x08007018                        . = ALIGN (0x4)
 *fill*         0x08006ff5        0x3 

.ARM.extab      0x08006ff8        0x0
                0x08006ff8                        . = ALIGN (0x4)
 *(.ARM.extab* .gnu.linkonce.armextab.*)
                0x08006ff8                        . = ALIGN (0x4)

.ARM            0x08006ff8        0x0
                0x08006ff8                        . = ALIGN (0x4)
                0x08006ff8                        __exidx_start = .
 *(.ARM.exidx*)
                0x08006ff8                        __exidx_end = .
                0x08006ff8                        . = ALIGN (0x4)

.preinit_array  0x08006ff8        0x0
                0x08006ff8                        . = ALIGN (0x4)
                0x08006ff8                        PROVIDE (__preinit_array_start = .)
 *(.preinit_array*)
                0x08006ff8                        PROVIDE (__preinit_array_end = .)
                0x08006ff8                        . = ALIGN (0x4)

.init_array     0x08006ff8        0x4
                0x08006ff8                        . = ALIGN (0x4)
                0x08006ff8                        PROVIDE (__init_array_start = .)
 *(SORT_BY_NAME(.init_array.*))
 *(.init_array*)
 .init_array    0x08006ff8        0x4 /home/haidoan2098/st/stm32cubeide_1.18.0/plugins/com.st.stm32cube.ide.mcu.externaltools.gnu-tools-for-stm32.13.3.rel1.linux64_1.0.0.202410170706/tools/bin/../lib/gcc/arm-none-eabi/13.3.1/thumb/v7-m/nofp/crtbegin.o
                0x08006ffc                        PROVIDE (__init_array_end = .)
                0x08006ffc                        . = ALIGN (0x4)

.fini_array     0x08006ffc        0x4
                0x08006ffc                        . = ALIGN (0x4)
                [!provide]                        PROVIDE (__fini_array_start = .)
 *(SORT_BY_NAME(.fini_array.*))
 *(.fini_array*)
 .fini_array    0x08006ffc        0x4 /home/haidoan2098/st/stm32cubeide_1.18.0/plugins/com.st.stm32cube.ide.mcu.externaltools.gnu-tools-for-stm32.13.3.rel1.linux64_1.0.0.202410170706/tools/bin/../lib/gcc/arm-none-eabi/13.3.1/thumb/v7-m/nofp/crtbegin.o
                [!provide]                        PROVIDE (__fini_array_end = .)
                0x08007000                        . = ALIGN (0x4)
                0x08007000                        _sidata = LOADADDR (.data)

.rel.dyn        0x08007000        0x0
 .rel.iplt      0x08007000        0x0 /home/haidoan2098/st/stm32cubeide_1.18.0/plugins/com.st.stm32cube.ide.mcu.externaltools.gnu-tools-for-stm32.13.3.rel1.linux64_1.0.0.202410170706/tools/bin/../lib/gcc/arm-none-eabi/13.3.1/thumb/v7-m/nofp/crtbegin.o

.data           0x20000000       0x84 load address 0x08007000
                0x20000000                        . = ALIGN (0x4)
                0x20000000                        _sdata = .
 *(.data)
 *(.data*)
 .data.dayOfWeek
                0x20000000       0x20 ./Core/Src/main.o
                0x20000000                dayOfWeek
 .data.modeAlarm
                0x20000020        0x8 ./Core/Src/main.o
                0x20000020                modeAlarm
 .data.SystemCoreClock
                0x20000028        0x4 ./Core/Src/system_stm32f1xx.o
                0x20000028                SystemCoreClock
 .data.uwTickPrio
                0x2000002c        0x4 ./Drivers/STM32F1xx_HAL_Driver/Src/stm32f1xx_hal.o
                0x2000002c                uwTickPrio
 .data.uwTickFreq
                0x20000030        0x1 ./Drivers/STM32F1xx_HAL_Driver/Src/stm32f1xx_hal.o
                0x20000030                uwTickFreq
 .data.backlight_state
                0x20000031        0x1 ./User/LCD_I2C/LCD_I2C.o
 *fill*         0x20000032        0x2 
 .data._impure_ptr
                0x20000034        0x4 /home/haidoan2098/st/stm32cubeide_1.18.0/plugins/com.st.stm32cube.ide.mcu.externaltools.gnu-tools-for-stm32.13.3.rel1.linux64_1.0.0.202410170706/tools/bin/../lib/gcc/arm-none-eabi/13.3.1/../../../../arm-none-eabi/lib/thumb/v7-m/nofp/libc_nano.a(libc_a-impure.o)
                0x20000034                _impure_ptr
 .data._impure_data
                0x20000038       0x4c /home/haidoan2098/st/stm32cubeide_1.18.0/plugins/com.st.stm32cube.ide.mcu.externaltools.gnu-tools-for-stm32.13.3.rel1.linux64_1.0.0.202410170706/tools/bin/../lib/gcc/arm-none-eabi/13.3.1/../../../../arm-none-eabi/lib/thumb/v7-m/nofp/libc_nano.a(libc_a-impure.o)
                0x20000038                _impure_data
 *(.RamFunc)
 *(.RamFunc*)
                0x20000084                        . = ALIGN (0x4)
                0x20000084                        _edata = .

.igot.plt       0x20000084        0x0 load address 0x08007084
 .igot.plt      0x20000084        0x0 /home/haidoan2098/st/stm32cubeide_1.18.0/plugins/com.st.stm32cube.ide.mcu.externaltools.gnu-tools-for-stm32.13.3.rel1.linux64_1.0.0.202410170706/tools/bin/../lib/gcc/arm-none-eabi/13.3.1/thumb/v7-m/nofp/crtbegin.o
                0x20000084                        . = ALIGN (0x4)

.bss            0x20000084      0x35c load address 0x08007084
                0x20000084                        _sbss = .
                0x20000084                        __bss_start__ = _sbss
 *(.bss)
 .bss           0x20000084       0x1c /home/haidoan2098/st/stm32cubeide_1.18.0/plugins/com.st.stm32cube.ide.mcu.externaltools.gnu-tools-for-stm32.13.3.rel1.linux64_1.0.0.202410170706/tools/bin/../lib/gcc/arm-none-eabi/13.3.1/thumb/v7-m/nofp/crtbegin.o
 *(.bss*)
 .bss.hi2c1     0x200000a0       0x54 ./Core/Src/main.o
                0x200000a0                hi2c1
 .bss.hi2c2     0x200000f4       0x54 ./Core/Src/main.o
                0x200000f4                hi2c2
 .bss.htim2     0x20000148       0x48 ./Core/Src/main.o
                0x20000148                htim2
 .bss.huart1    0x20000190       0x48 ./Core/Src/main.o
                0x20000190                huart1
 .bss.DS3231_Time
                0x200001d8       0x1c ./Core/Src/main.o
                0x200001d8                DS3231_Time
 .bss.DS3231_Date
                0x200001f4       0x1c ./Core/Src/main.o
                0x200001f4                DS3231_Date
 .bss.DS3231_Alarm
                0x20000210        0xc ./Core/Src/main.o
                0x20000210                DS3231_Alarm
 .bss.timeDisplay
                0x2000021c       0x11 ./Core/Src/main.o
                0x2000021c                timeDisplay
 *fill*         0x2000022d        0x3 
 .bss.dateDisplay
                0x20000230       0x14 ./Core/Src/main.o
                0x20000230                dateDisplay
 .bss.alarmDisplay
                0x20000244       0x11 ./Core/Src/main.o
                0x20000244                alarmDisplay
 .bss.hourBuffer
                0x20000255        0x1 ./Core/Src/main.o
                0x20000255                hourBuffer
 .bss.minuteBuffer
                0x20000256        0x1 ./Core/Src/main.o
                0x20000256                minuteBuffer
 .bss.secondBuffer
                0x20000257        0x1 ./Core/Src/main.o
                0x20000257                secondBuffer
 .bss.dayBuffer
                0x20000258        0x1 ./Core/Src/main.o
                0x20000258                dayBuffer
 .bss.dateBuffer
                0x20000259        0x1 ./Core/Src/main.o
                0x20000259                dateBuffer
 .bss.monthBuffer
                0x2000025a        0x1 ./Core/Src/main.o
                0x2000025a                monthBuffer
 .bss.yearBuffer
                0x2000025b        0x1 ./Core/Src/main.o
                0x2000025b                yearBuffer
 .bss.hourAlarmBuffer
                0x2000025c        0x1 ./Core/Src/main.o
                0x2000025c                hourAlarmBuffer
 .bss.minuteAlarmBuffer
                0x2000025d        0x1 ./Core/Src/main.o
                0x2000025d                minuteAlarmBuffer
 .bss.checkAlarmStatus
                0x2000025e        0x1 ./Core/Src/main.o
                0x2000025e                checkAlarmStatus
 .bss.flagAlarm
                0x2000025f        0x1 ./Core/Src/main.o
                0x2000025f                flagAlarm
 .bss.alarmStartTime
                0x20000260        0x4 ./Core/Src/main.o
                0x20000260                alarmStartTime
 .bss.currentClock
                0x20000264        0x1 ./Core/Src/main.o
                0x20000264                currentClock
 .bss.flagUpdateTimeOnInternet
                0x20000265        0x1 ./Core/Src/main.o
                0x20000265                flagUpdateTimeOnInternet
 .bss.rxByte    0x20000266        0x1 ./Core/Src/main.o
                0x20000266                rxByte
 *fill*         0x20000267        0x1 
 .bss.rxBuffer  0x20000268       0x19 ./Core/Src/main.o
                0x20000268                rxBuffer
 .bss.rxBufferIndex
                0x20000281        0x1 ./Core/Src/main.o
                0x20000281                rxBufferIndex
 *fill*         0x20000282        0x2 
 .bss.previousDisplayMillis.2
                0x20000284        0x4 ./Core/Src/main.o
 .bss.currentBackLightMillis.1
                0x20000288        0x4 ./Core/Src/main.o
 .bss.previousAlarmMillis.0
                0x2000028c        0x4 ./Core/Src/main.o
 .bss.__sbrk_heap_end
                0x20000290        0x4 ./Core/Src/sysmem.o
 .bss.uwTick    0x20000294        0x4 ./Drivers/STM32F1xx_HAL_Driver/Src/stm32f1xx_hal.o
                0x20000294                uwTick
 .bss.__sf      0x20000298      0x138 /home/haidoan2098/st/stm32cubeide_1.18.0/plugins/com.st.stm32cube.ide.mcu.externaltools.gnu-tools-for-stm32.13.3.rel1.linux64_1.0.0.202410170706/tools/bin/../lib/gcc/arm-none-eabi/13.3.1/../../../../arm-none-eabi/lib/thumb/v7-m/nofp/libc_nano.a(libc_a-findfp.o)
                0x20000298                __sf
 .bss.errno     0x200003d0        0x4 /home/haidoan2098/st/stm32cubeide_1.18.0/plugins/com.st.stm32cube.ide.mcu.externaltools.gnu-tools-for-stm32.13.3.rel1.linux64_1.0.0.202410170706/tools/bin/../lib/gcc/arm-none-eabi/13.3.1/../../../../arm-none-eabi/lib/thumb/v7-m/nofp/libc_nano.a(libc_a-reent.o)
                0x200003d0                errno
 .bss.__lock___malloc_recursive_mutex
                0x200003d4        0x1 /home/haidoan2098/st/stm32cubeide_1.18.0/plugins/com.st.stm32cube.ide.mcu.externaltools.gnu-tools-for-stm32.13.3.rel1.linux64_1.0.0.202410170706/tools/bin/../lib/gcc/arm-none-eabi/13.3.1/../../../../arm-none-eabi/lib/thumb/v7-m/nofp/libc_nano.a(libc_a-lock.o)
                0x200003d4                __lock___malloc_recursive_mutex
 *fill*         0x200003d5        0x3 
 .bss.__malloc_sbrk_start
                0x200003d8        0x4 /home/haidoan2098/st/stm32cubeide_1.18.0/plugins/com.st.stm32cube.ide.mcu.externaltools.gnu-tools-for-stm32.13.3.rel1.linux64_1.0.0.202410170706/tools/bin/../lib/gcc/arm-none-eabi/13.3.1/../../../../arm-none-eabi/lib/thumb/v7-m/nofp/libc_nano.a(libc_a-mallocr.o)
                0x200003d8                __malloc_sbrk_start
 .bss.__malloc_free_list
                0x200003dc        0x4 /home/haidoan2098/st/stm32cubeide_1.18.0/plugins/com.st.stm32cube.ide.mcu.externaltools.gnu-tools-for-stm32.13.3.rel1.linux64_1.0.0.202410170706/tools/bin/../lib/gcc/arm-none-eabi/13.3.1/../../../../arm-none-eabi/lib/thumb/v7-m/nofp/libc_nano.a(libc_a-mallocr.o)
                0x200003dc                __malloc_free_list
 *(COMMON)
                0x200003e0                        . = ALIGN (0x4)
                0x200003e0                        _ebss = .
                0x200003e0                        __bss_end__ = _ebss

._user_heap_stack
                0x200003e0      0x600 load address 0x08007084
                0x200003e0                        . = ALIGN (0x8)
                [!provide]                        PROVIDE (end = .)
                0x200003e0                        PROVIDE (_end = .)
                0x200005e0                        . = (. + _Min_Heap_Size)
 *fill*         0x200003e0      0x200 
                0x200009e0                        . = (. + _Min_Stack_Size)
 *fill*         0x200005e0      0x400 
                0x200009e0                        . = ALIGN (0x8)

/DISCARD/
 libc.a(*)
 libm.a(*)
 libgcc.a(*)

.ARM.attributes
                0x00000000       0x29
 *(.ARM.attributes)
 .ARM.attributes
                0x00000000       0x1d /home/haidoan2098/st/stm32cubeide_1.18.0/plugins/com.st.stm32cube.ide.mcu.externaltools.gnu-tools-for-stm32.13.3.rel1.linux64_1.0.0.202410170706/tools/bin/../lib/gcc/arm-none-eabi/13.3.1/thumb/v7-m/nofp/crti.o
 .ARM.attributes
                0x0000001d       0x2d /home/haidoan2098/st/stm32cubeide_1.18.0/plugins/com.st.stm32cube.ide.mcu.externaltools.gnu-tools-for-stm32.13.3.rel1.linux64_1.0.0.202410170706/tools/bin/../lib/gcc/arm-none-eabi/13.3.1/thumb/v7-m/nofp/crtbegin.o
 .ARM.attributes
                0x0000004a       0x2d ./Core/Src/main.o
 .ARM.attributes
                0x00000077       0x2d ./Core/Src/stm32f1xx_hal_msp.o
 .ARM.attributes
                0x000000a4       0x2d ./Core/Src/stm32f1xx_it.o
 .ARM.attributes
                0x000000d1       0x2d ./Core/Src/sysmem.o
 .ARM.attributes
                0x000000fe       0x2d ./Core/Src/system_stm32f1xx.o
 .ARM.attributes
                0x0000012b       0x21 ./Core/Startup/startup_stm32f103c8tx.o
 .ARM.attributes
                0x0000014c       0x2d ./Drivers/STM32F1xx_HAL_Driver/Src/stm32f1xx_hal.o
 .ARM.attributes
                0x00000179       0x2d ./Drivers/STM32F1xx_HAL_Driver/Src/stm32f1xx_hal_cortex.o
 .ARM.attributes
                0x000001a6       0x2d ./Drivers/STM32F1xx_HAL_Driver/Src/stm32f1xx_hal_dma.o
 .ARM.attributes
                0x000001d3       0x2d ./Drivers/STM32F1xx_HAL_Driver/Src/stm32f1xx_hal_gpio.o
 .ARM.attributes
                0x00000200       0x2d ./Drivers/STM32F1xx_HAL_Driver/Src/stm32f1xx_hal_i2c.o
 .ARM.attributes
                0x0000022d       0x2d ./Drivers/STM32F1xx_HAL_Driver/Src/stm32f1xx_hal_rcc.o
 .ARM.attributes
                0x0000025a       0x2d ./Drivers/STM32F1xx_HAL_Driver/Src/stm32f1xx_hal_tim.o
 .ARM.attributes
                0x00000287       0x2d ./Drivers/STM32F1xx_HAL_Driver/Src/stm32f1xx_hal_tim_ex.o
 .ARM.attributes
                0x000002b4       0x2d ./Drivers/STM32F1xx_HAL_Driver/Src/stm32f1xx_hal_uart.o
 .ARM.attributes
                0x000002e1       0x2d ./User/Custom/Custom_String.o
 .ARM.attributes
                0x0000030e       0x2d ./User/DS3231_RTC/DS3231.o
 .ARM.attributes
                0x0000033b       0x2d ./User/LCD_I2C/LCD_I2C.o
 .ARM.attributes
                0x00000368       0x2d ./User/PassiveBuzzer/BUZZER.o
 .ARM.attributes
                0x00000395       0x2d /home/haidoan2098/st/stm32cubeide_1.18.0/plugins/com.st.stm32cube.ide.mcu.externaltools.gnu-tools-for-stm32.13.3.rel1.linux64_1.0.0.202410170706/tools/bin/../lib/gcc/arm-none-eabi/13.3.1/../../../../arm-none-eabi/lib/thumb/v7-m/nofp/libc_nano.a(libc_a-findfp.o)
 .ARM.attributes
                0x000003c2       0x2d /home/haidoan2098/st/stm32cubeide_1.18.0/plugins/com.st.stm32cube.ide.mcu.externaltools.gnu-tools-for-stm32.13.3.rel1.linux64_1.0.0.202410170706/tools/bin/../lib/gcc/arm-none-eabi/13.3.1/../../../../arm-none-eabi/lib/thumb/v7-m/nofp/libc_nano.a(libc_a-sprintf.o)
 .ARM.attributes
                0x000003ef       0x2d /home/haidoan2098/st/stm32cubeide_1.18.0/plugins/com.st.stm32cube.ide.mcu.externaltools.gnu-tools-for-stm32.13.3.rel1.linux64_1.0.0.202410170706/tools/bin/../lib/gcc/arm-none-eabi/13.3.1/../../../../arm-none-eabi/lib/thumb/v7-m/nofp/libc_nano.a(libc_a-memset.o)
 .ARM.attributes
                0x0000041c       0x2d /home/haidoan2098/st/stm32cubeide_1.18.0/plugins/com.st.stm32cube.ide.mcu.externaltools.gnu-tools-for-stm32.13.3.rel1.linux64_1.0.0.202410170706/tools/bin/../lib/gcc/arm-none-eabi/13.3.1/../../../../arm-none-eabi/lib/thumb/v7-m/nofp/libc_nano.a(libc_a-reent.o)
 .ARM.attributes
                0x00000449       0x2d /home/haidoan2098/st/stm32cubeide_1.18.0/plugins/com.st.stm32cube.ide.mcu.externaltools.gnu-tools-for-stm32.13.3.rel1.linux64_1.0.0.202410170706/tools/bin/../lib/gcc/arm-none-eabi/13.3.1/../../../../arm-none-eabi/lib/thumb/v7-m/nofp/libc_nano.a(libc_a-impure.o)
 .ARM.attributes
                0x00000476       0x2d /home/haidoan2098/st/stm32cubeide_1.18.0/plugins/com.st.stm32cube.ide.mcu.externaltools.gnu-tools-for-stm32.13.3.rel1.linux64_1.0.0.202410170706/tools/bin/../lib/gcc/arm-none-eabi/13.3.1/../../../../arm-none-eabi/lib/thumb/v7-m/nofp/libc_nano.a(libc_a-errno.o)
 .ARM.attributes
                0x000004a3       0x2d /home/haidoan2098/st/stm32cubeide_1.18.0/plugins/com.st.stm32cube.ide.mcu.externaltools.gnu-tools-for-stm32.13.3.rel1.linux64_1.0.0.202410170706/tools/bin/../lib/gcc/arm-none-eabi/13.3.1/../../../../arm-none-eabi/lib/thumb/v7-m/nofp/libc_nano.a(libc_a-init.o)
 .ARM.attributes
                0x000004d0       0x2d /home/haidoan2098/st/stm32cubeide_1.18.0/plugins/com.st.stm32cube.ide.mcu.externaltools.gnu-tools-for-stm32.13.3.rel1.linux64_1.0.0.202410170706/tools/bin/../lib/gcc/arm-none-eabi/13.3.1/../../../../arm-none-eabi/lib/thumb/v7-m/nofp/libc_nano.a(libc_a-lock.o)
 .ARM.attributes
                0x000004fd       0x2d /home/haidoan2098/st/stm32cubeide_1.18.0/plugins/com.st.stm32cube.ide.mcu.externaltools.gnu-tools-for-stm32.13.3.rel1.linux64_1.0.0.202410170706/tools/bin/../lib/gcc/arm-none-eabi/13.3.1/../../../../arm-none-eabi/lib/thumb/v7-m/nofp/libc_nano.a(libc_a-freer.o)
 .ARM.attributes
                0x0000052a       0x2d /home/haidoan2098/st/stm32cubeide_1.18.0/plugins/com.st.stm32cube.ide.mcu.externaltools.gnu-tools-for-stm32.13.3.rel1.linux64_1.0.0.202410170706/tools/bin/../lib/gcc/arm-none-eabi/13.3.1/../../../../arm-none-eabi/lib/thumb/v7-m/nofp/libc_nano.a(libc_a-mallocr.o)
 .ARM.attributes
                0x00000557       0x2d /home/haidoan2098/st/stm32cubeide_1.18.0/plugins/com.st.stm32cube.ide.mcu.externaltools.gnu-tools-for-stm32.13.3.rel1.linux64_1.0.0.202410170706/tools/bin/../lib/gcc/arm-none-eabi/13.3.1/../../../../arm-none-eabi/lib/thumb/v7-m/nofp/libc_nano.a(libc_a-mlock.o)
 .ARM.attributes
                0x00000584       0x2d /home/haidoan2098/st/stm32cubeide_1.18.0/plugins/com.st.stm32cube.ide.mcu.externaltools.gnu-tools-for-stm32.13.3.rel1.linux64_1.0.0.202410170706/tools/bin/../lib/gcc/arm-none-eabi/13.3.1/../../../../arm-none-eabi/lib/thumb/v7-m/nofp/libc_nano.a(libc_a-nano-svfprintf.o)
 .ARM.attributes
                0x000005b1       0x2d /home/haidoan2098/st/stm32cubeide_1.18.0/plugins/com.st.stm32cube.ide.mcu.externaltools.gnu-tools-for-stm32.13.3.rel1.linux64_1.0.0.202410170706/tools/bin/../lib/gcc/arm-none-eabi/13.3.1/../../../../arm-none-eabi/lib/thumb/v7-m/nofp/libc_nano.a(libc_a-nano-vfprintf_i.o)
 .ARM.attributes
                0x000005de       0x2d /home/haidoan2098/st/stm32cubeide_1.18.0/plugins/com.st.stm32cube.ide.mcu.externaltools.gnu-tools-for-stm32.13.3.rel1.linux64_1.0.0.202410170706/tools/bin/../lib/gcc/arm-none-eabi/13.3.1/../../../../arm-none-eabi/lib/thumb/v7-m/nofp/libc_nano.a(libc_a-memmove.o)
 .ARM.attributes
                0x0000060b       0x2d /home/haidoan2098/st/stm32cubeide_1.18.0/plugins/com.st.stm32cube.ide.mcu.externaltools.gnu-tools-for-stm32.13.3.rel1.linux64_1.0.0.202410170706/tools/bin/../lib/gcc/arm-none-eabi/13.3.1/../../../../arm-none-eabi/lib/thumb/v7-m/nofp/libc_nano.a(libc_a-sbrkr.o)
 .ARM.attributes
                0x00000638       0x2d /home/haidoan2098/st/stm32cubeide_1.18.0/plugins/com.st.stm32cube.ide.mcu.externaltools.gnu-tools-for-stm32.13.3.rel1.linux64_1.0.0.202410170706/tools/bin/../lib/gcc/arm-none-eabi/13.3.1/../../../../arm-none-eabi/lib/thumb/v7-m/nofp/libc_nano.a(libc_a-memchr-stub.o)
 .ARM.attributes
                0x00000665       0x2d /home/haidoan2098/st/stm32cubeide_1.18.0/plugins/com.st.stm32cube.ide.mcu.externaltools.gnu-tools-for-stm32.13.3.rel1.linux64_1.0.0.202410170706/tools/bin/../lib/gcc/arm-none-eabi/13.3.1/../../../../arm-none-eabi/lib/thumb/v7-m/nofp/libc_nano.a(libc_a-memcpy-stub.o)
 .ARM.attributes
                0x00000692       0x2d /home/haidoan2098/st/stm32cubeide_1.18.0/plugins/com.st.stm32cube.ide.mcu.externaltools.gnu-tools-for-stm32.13.3.rel1.linux64_1.0.0.202410170706/tools/bin/../lib/gcc/arm-none-eabi/13.3.1/../../../../arm-none-eabi/lib/thumb/v7-m/nofp/libc_nano.a(libc_a-reallocr.o)
 .ARM.attributes
                0x000006bf       0x2d /home/haidoan2098/st/stm32cubeide_1.18.0/plugins/com.st.stm32cube.ide.mcu.externaltools.gnu-tools-for-stm32.13.3.rel1.linux64_1.0.0.202410170706/tools/bin/../lib/gcc/arm-none-eabi/13.3.1/../../../../arm-none-eabi/lib/thumb/v7-m/nofp/libc_nano.a(libc_a-msizer.o)
 .ARM.attributes
                0x000006ec       0x1d /home/haidoan2098/st/stm32cubeide_1.18.0/plugins/com.st.stm32cube.ide.mcu.externaltools.gnu-tools-for-stm32.13.3.rel1.linux64_1.0.0.202410170706/tools/bin/../lib/gcc/arm-none-eabi/13.3.1/thumb/v7-m/nofp/crtn.o
OUTPUT(SmartWatch40_VKU.elf elf32-littlearm)
LOAD linker stubs
LOAD /home/haidoan2098/st/stm32cubeide_1.18.0/plugins/com.st.stm32cube.ide.mcu.externaltools.gnu-tools-for-stm32.13.3.rel1.linux64_1.0.0.202410170706/tools/bin/../lib/gcc/arm-none-eabi/13.3.1/../../../../arm-none-eabi/lib/thumb/v7-m/nofp/libc.a
LOAD /home/haidoan2098/st/stm32cubeide_1.18.0/plugins/com.st.stm32cube.ide.mcu.externaltools.gnu-tools-for-stm32.13.3.rel1.linux64_1.0.0.202410170706/tools/bin/../lib/gcc/arm-none-eabi/13.3.1/../../../../arm-none-eabi/lib/thumb/v7-m/nofp/libm.a
LOAD /home/haidoan2098/st/stm32cubeide_1.18.0/plugins/com.st.stm32cube.ide.mcu.externaltools.gnu-tools-for-stm32.13.3.rel1.linux64_1.0.0.202410170706/tools/bin/../lib/gcc/arm-none-eabi/13.3.1/thumb/v7-m/nofp/libgcc.a

.debug_info     0x00000000    0x10a7e
 .debug_info    0x00000000     0x1d95 ./Core/Src/main.o
 .debug_info    0x00001d95     0x10ec ./Core/Src/stm32f1xx_hal_msp.o
 .debug_info    0x00002e81      0x609 ./Core/Src/stm32f1xx_it.o
 .debug_info    0x0000348a      0x164 ./Core/Src/sysmem.o
 .debug_info    0x000035ee      0x21e ./Core/Src/system_stm32f1xx.o
 .debug_info    0x0000380c       0x30 ./Core/Startup/startup_stm32f103c8tx.o
 .debug_info    0x0000383c      0x700 ./Drivers/STM32F1xx_HAL_Driver/Src/stm32f1xx_hal.o
 .debug_info    0x00003f3c      0xa83 ./Drivers/STM32F1xx_HAL_Driver/Src/stm32f1xx_hal_cortex.o
 .debug_info    0x000049bf      0x6ce ./Drivers/STM32F1xx_HAL_Driver/Src/stm32f1xx_hal_dma.o
 .debug_info    0x0000508d      0x5a7 ./Drivers/STM32F1xx_HAL_Driver/Src/stm32f1xx_hal_gpio.o
 .debug_info    0x00005634     0x2520 ./Drivers/STM32F1xx_HAL_Driver/Src/stm32f1xx_hal_i2c.o
 .debug_info    0x00007b54      0x7d1 ./Drivers/STM32F1xx_HAL_Driver/Src/stm32f1xx_hal_rcc.o
 .debug_info    0x00008325     0x2955 ./Drivers/STM32F1xx_HAL_Driver/Src/stm32f1xx_hal_tim.o
 .debug_info    0x0000ac7a     0x1497 ./Drivers/STM32F1xx_HAL_Driver/Src/stm32f1xx_hal_tim_ex.o
 .debug_info    0x0000c111     0x2ee9 ./Drivers/STM32F1xx_HAL_Driver/Src/stm32f1xx_hal_uart.o
 .debug_info    0x0000effa      0x123 ./User/Custom/Custom_String.o
 .debug_info    0x0000f11d      0xb7a ./User/DS3231_RTC/DS3231.o
 .debug_info    0x0000fc97      0x76e ./User/LCD_I2C/LCD_I2C.o
 .debug_info    0x00010405      0x679 ./User/PassiveBuzzer/BUZZER.o

.debug_abbrev   0x00000000     0x25e5
 .debug_abbrev  0x00000000      0x38e ./Core/Src/main.o
 .debug_abbrev  0x0000038e      0x239 ./Core/Src/stm32f1xx_hal_msp.o
 .debug_abbrev  0x000005c7      0x189 ./Core/Src/stm32f1xx_it.o
 .debug_abbrev  0x00000750       0xba ./Core/Src/sysmem.o
 .debug_abbrev  0x0000080a      0x13d ./Core/Src/system_stm32f1xx.o
 .debug_abbrev  0x00000947       0x24 ./Core/Startup/startup_stm32f103c8tx.o
 .debug_abbrev  0x0000096b      0x1ff ./Drivers/STM32F1xx_HAL_Driver/Src/stm32f1xx_hal.o
 .debug_abbrev  0x00000b6a      0x2f6 ./Drivers/STM32F1xx_HAL_Driver/Src/stm32f1xx_hal_cortex.o
 .debug_abbrev  0x00000e60      0x209 ./Drivers/STM32F1xx_HAL_Driver/Src/stm32f1xx_hal_dma.o
 .debug_abbrev  0x00001069      0x1c8 ./Drivers/STM32F1xx_HAL_Driver/Src/stm32f1xx_hal_gpio.o
 .debug_abbrev  0x00001231      0x2a1 ./Drivers/STM32F1xx_HAL_Driver/Src/stm32f1xx_hal_i2c.o
 .debug_abbrev  0x000014d2      0x2b1 ./Drivers/STM32F1xx_HAL_Driver/Src/stm32f1xx_hal_rcc.o
 .debug_abbrev  0x00001783      0x275 ./Drivers/STM32F1xx_HAL_Driver/Src/stm32f1xx_hal_tim.o
 .debug_abbrev  0x000019f8      0x280 ./Drivers/STM32F1xx_HAL_Driver/Src/stm32f1xx_hal_tim_ex.o
 .debug_abbrev  0x00001c78      0x2f6 ./Drivers/STM32F1xx_HAL_Driver/Src/stm32f1xx_hal_uart.o
 .debug_abbrev  0x00001f6e       0xaf ./User/Custom/Custom_String.o
 .debug_abbrev  0x0000201d      0x265 ./User/DS3231_RTC/DS3231.o
 .debug_abbrev  0x00002282      0x1d1 ./User/LCD_I2C/LCD_I2C.o
 .debug_abbrev  0x00002453      0x192 ./User/PassiveBuzzer/BUZZER.o

.debug_aranges  0x00000000     0x1100
 .debug_aranges
                0x00000000      0x118 ./Core/Src/main.o
 .debug_aranges
                0x00000118       0x58 ./Core/Src/stm32f1xx_hal_msp.o
 .debug_aranges
                0x00000170       0x70 ./Core/Src/stm32f1xx_it.o
 .debug_aranges
                0x000001e0       0x20 ./Core/Src/sysmem.o
 .debug_aranges
                0x00000200       0x28 ./Core/Src/system_stm32f1xx.o
 .debug_aranges
                0x00000228       0x28 ./Core/Startup/startup_stm32f103c8tx.o
 .debug_aranges
                0x00000250       0xe0 ./Drivers/STM32F1xx_HAL_Driver/Src/stm32f1xx_hal.o
 .debug_aranges
                0x00000330      0x100 ./Drivers/STM32F1xx_HAL_Driver/Src/stm32f1xx_hal_cortex.o
 .debug_aranges
                0x00000430       0x80 ./Drivers/STM32F1xx_HAL_Driver/Src/stm32f1xx_hal_dma.o
 .debug_aranges
                0x000004b0       0x58 ./Drivers/STM32F1xx_HAL_Driver/Src/stm32f1xx_hal_gpio.o
 .debug_aranges
                0x00000508      0x2a8 ./Drivers/STM32F1xx_HAL_Driver/Src/stm32f1xx_hal_i2c.o
 .debug_aranges
                0x000007b0       0x90 ./Drivers/STM32F1xx_HAL_Driver/Src/stm32f1xx_hal_rcc.o
 .debug_aranges
                0x00000840      0x3d0 ./Drivers/STM32F1xx_HAL_Driver/Src/stm32f1xx_hal_tim.o
 .debug_aranges
                0x00000c10      0x168 ./Drivers/STM32F1xx_HAL_Driver/Src/stm32f1xx_hal_tim_ex.o
 .debug_aranges
                0x00000d78      0x208 ./Drivers/STM32F1xx_HAL_Driver/Src/stm32f1xx_hal_uart.o
 .debug_aranges
                0x00000f80       0x28 ./User/Custom/Custom_String.o
 .debug_aranges
                0x00000fa8       0xc0 ./User/DS3231_RTC/DS3231.o
 .debug_aranges
                0x00001068       0x68 ./User/LCD_I2C/LCD_I2C.o
 .debug_aranges
                0x000010d0       0x30 ./User/PassiveBuzzer/BUZZER.o

.debug_rnglists
                0x00000000      0xd6a
 .debug_rnglists
                0x00000000       0xe3 ./Core/Src/main.o
 .debug_rnglists
                0x000000e3       0x40 ./Core/Src/stm32f1xx_hal_msp.o
 .debug_rnglists
                0x00000123       0x4f ./Core/Src/stm32f1xx_it.o
 .debug_rnglists
                0x00000172       0x13 ./Core/Src/sysmem.o
 .debug_rnglists
                0x00000185       0x1a ./Core/Src/system_stm32f1xx.o
 .debug_rnglists
                0x0000019f       0x19 ./Core/Startup/startup_stm32f103c8tx.o
 .debug_rnglists
                0x000001b8       0xa3 ./Drivers/STM32F1xx_HAL_Driver/Src/stm32f1xx_hal.o
 .debug_rnglists
                0x0000025b       0xbb ./Drivers/STM32F1xx_HAL_Driver/Src/stm32f1xx_hal_cortex.o
 .debug_rnglists
                0x00000316       0x64 ./Drivers/STM32F1xx_HAL_Driver/Src/stm32f1xx_hal_dma.o
 .debug_rnglists
                0x0000037a       0x3f ./Drivers/STM32F1xx_HAL_Driver/Src/stm32f1xx_hal_gpio.o
 .debug_rnglists
                0x000003b9      0x23c ./Drivers/STM32F1xx_HAL_Driver/Src/stm32f1xx_hal_i2c.o
 .debug_rnglists
                0x000005f5       0x6c ./Drivers/STM32F1xx_HAL_Driver/Src/stm32f1xx_hal_rcc.o
 .debug_rnglists
                0x00000661      0x31a ./Drivers/STM32F1xx_HAL_Driver/Src/stm32f1xx_hal_tim.o
 .debug_rnglists
                0x0000097b      0x125 ./Drivers/STM32F1xx_HAL_Driver/Src/stm32f1xx_hal_tim_ex.o
 .debug_rnglists
                0x00000aa0      0x1bc ./Drivers/STM32F1xx_HAL_Driver/Src/stm32f1xx_hal_uart.o
 .debug_rnglists
                0x00000c5c       0x19 ./User/Custom/Custom_String.o
 .debug_rnglists
                0x00000c75       0x8b ./User/DS3231_RTC/DS3231.o
 .debug_rnglists
                0x00000d00       0x4b ./User/LCD_I2C/LCD_I2C.o
 .debug_rnglists
                0x00000d4b       0x1f ./User/PassiveBuzzer/BUZZER.o

.debug_line     0x00000000     0xf393
 .debug_line    0x00000000     0x14bb ./Core/Src/main.o
 .debug_line    0x000014bb      0x41d ./Core/Src/stm32f1xx_hal_msp.o
 .debug_line    0x000018d8      0x37f ./Core/Src/stm32f1xx_it.o
 .debug_line    0x00001c57      0x2d2 ./Core/Src/sysmem.o
 .debug_line    0x00001f29      0x2cb ./Core/Src/system_stm32f1xx.o
 .debug_line    0x000021f4       0x78 ./Core/Startup/startup_stm32f103c8tx.o
 .debug_line    0x0000226c      0x57c ./Drivers/STM32F1xx_HAL_Driver/Src/stm32f1xx_hal.o
 .debug_line    0x000027e8      0x6d7 ./Drivers/STM32F1xx_HAL_Driver/Src/stm32f1xx_hal_cortex.o
 .debug_line    0x00002ebf      0x955 ./Drivers/STM32F1xx_HAL_Driver/Src/stm32f1xx_hal_dma.o
 .debug_line    0x00003814      0x587 ./Drivers/STM32F1xx_HAL_Driver/Src/stm32f1xx_hal_gpio.o
 .debug_line    0x00003d9b     0x37b4 ./Drivers/STM32F1xx_HAL_Driver/Src/stm32f1xx_hal_i2c.o
 .debug_line    0x0000754f      0xa4c ./Drivers/STM32F1xx_HAL_Driver/Src/stm32f1xx_hal_rcc.o
 .debug_line    0x00007f9b     0x3057 ./Drivers/STM32F1xx_HAL_Driver/Src/stm32f1xx_hal_tim.o
 .debug_line    0x0000aff2     0x142d ./Drivers/STM32F1xx_HAL_Driver/Src/stm32f1xx_hal_tim_ex.o
 .debug_line    0x0000c41f     0x20be ./Drivers/STM32F1xx_HAL_Driver/Src/stm32f1xx_hal_uart.o
 .debug_line    0x0000e4dd      0x244 ./User/Custom/Custom_String.o
 .debug_line    0x0000e721      0x5e8 ./User/DS3231_RTC/DS3231.o
 .debug_line    0x0000ed09      0x3c2 ./User/LCD_I2C/LCD_I2C.o
 .debug_line    0x0000f0cb      0x2c8 ./User/PassiveBuzzer/BUZZER.o

.debug_str      0x00000000     0x4b10
 .debug_str     0x00000000     0x4b10 ./Core/Src/main.o
                               0x19ed (size before relaxing)
 .debug_str     0x00004b10      0xfab ./Core/Src/stm32f1xx_hal_msp.o
 .debug_str     0x00004b10      0x6b3 ./Core/Src/stm32f1xx_it.o
 .debug_str     0x00004b10      0x240 ./Core/Src/sysmem.o
 .debug_str     0x00004b10      0x27c ./Core/Src/system_stm32f1xx.o
 .debug_str     0x00004b10       0x9b ./Core/Startup/startup_stm32f103c8tx.o
 .debug_str     0x00004b10      0x856 ./Drivers/STM32F1xx_HAL_Driver/Src/stm32f1xx_hal.o
 .debug_str     0x00004b10      0x8fb ./Drivers/STM32F1xx_HAL_Driver/Src/stm32f1xx_hal_cortex.o
 .debug_str     0x00004b10      0x625 ./Drivers/STM32F1xx_HAL_Driver/Src/stm32f1xx_hal_dma.o
 .debug_str     0x00004b10      0x428 ./Drivers/STM32F1xx_HAL_Driver/Src/stm32f1xx_hal_gpio.o
 .debug_str     0x00004b10      0xfed ./Drivers/STM32F1xx_HAL_Driver/Src/stm32f1xx_hal_i2c.o
 .debug_str     0x00004b10      0x653 ./Drivers/STM32F1xx_HAL_Driver/Src/stm32f1xx_hal_rcc.o
 .debug_str     0x00004b10     0x16ad ./Drivers/STM32F1xx_HAL_Driver/Src/stm32f1xx_hal_tim.o
 .debug_str     0x00004b10      0xeb9 ./Drivers/STM32F1xx_HAL_Driver/Src/stm32f1xx_hal_tim_ex.o
 .debug_str     0x00004b10      0xd1c ./Drivers/STM32F1xx_HAL_Driver/Src/stm32f1xx_hal_uart.o
 .debug_str     0x00004b10      0x1fe ./User/Custom/Custom_String.o
 .debug_str     0x00004b10      0x935 ./User/DS3231_RTC/DS3231.o
 .debug_str     0x00004b10      0x799 ./User/LCD_I2C/LCD_I2C.o
 .debug_str     0x00004b10      0x6c8 ./User/PassiveBuzzer/BUZZER.o

.comment        0x00000000       0x43
 .comment       0x00000000       0x43 ./Core/Src/main.o
                                 0x44 (size before relaxing)
 .comment       0x00000043       0x44 ./Core/Src/stm32f1xx_hal_msp.o
 .comment       0x00000043       0x44 ./Core/Src/stm32f1xx_it.o
 .comment       0x00000043       0x44 ./Core/Src/sysmem.o
 .comment       0x00000043       0x44 ./Core/Src/system_stm32f1xx.o
 .comment       0x00000043       0x44 ./Drivers/STM32F1xx_HAL_Driver/Src/stm32f1xx_hal.o
 .comment       0x00000043       0x44 ./Drivers/STM32F1xx_HAL_Driver/Src/stm32f1xx_hal_cortex.o
 .comment       0x00000043       0x44 ./Drivers/STM32F1xx_HAL_Driver/Src/stm32f1xx_hal_dma.o
 .comment       0x00000043       0x44 ./Drivers/STM32F1xx_HAL_Driver/Src/stm32f1xx_hal_gpio.o
 .comment       0x00000043       0x44 ./Drivers/STM32F1xx_HAL_Driver/Src/stm32f1xx_hal_i2c.o
 .comment       0x00000043       0x44 ./Drivers/STM32F1xx_HAL_Driver/Src/stm32f1xx_hal_rcc.o
 .comment       0x00000043       0x44 ./Drivers/STM32F1xx_HAL_Driver/Src/stm32f1xx_hal_tim.o
 .comment       0x00000043       0x44 ./Drivers/STM32F1xx_HAL_Driver/Src/stm32f1xx_hal_tim_ex.o
 .comment       0x00000043       0x44 ./Drivers/STM32F1xx_HAL_Driver/Src/stm32f1xx_hal_uart.o
 .comment       0x00000043       0x44 ./User/Custom/Custom_String.o
 .comment       0x00000043       0x44 ./User/DS3231_RTC/DS3231.o
 .comment       0x00000043       0x44 ./User/LCD_I2C/LCD_I2C.o
 .comment       0x00000043       0x44 ./User/PassiveBuzzer/BUZZER.o

.debug_frame    0x00000000     0x4cf4
 .debug_frame   0x00000000      0x480 ./Core/Src/main.o
 .debug_frame   0x00000480      0x13c ./Core/Src/stm32f1xx_hal_msp.o
 .debug_frame   0x000005bc      0x13c ./Core/Src/stm32f1xx_it.o
 .debug_frame   0x000006f8       0x34 ./Core/Src/sysmem.o
 .debug_frame   0x0000072c       0x58 ./Core/Src/system_stm32f1xx.o
 .debug_frame   0x00000784      0x334 ./Drivers/STM32F1xx_HAL_Driver/Src/stm32f1xx_hal.o
 .debug_frame   0x00000ab8      0x428 ./Drivers/STM32F1xx_HAL_Driver/Src/stm32f1xx_hal_cortex.o
 .debug_frame   0x00000ee0      0x208 ./Drivers/STM32F1xx_HAL_Driver/Src/stm32f1xx_hal_dma.o
 .debug_frame   0x000010e8      0x14c ./Drivers/STM32F1xx_HAL_Driver/Src/stm32f1xx_hal_gpio.o
 .debug_frame   0x00001234      0xc84 ./Drivers/STM32F1xx_HAL_Driver/Src/stm32f1xx_hal_i2c.o
 .debug_frame   0x00001eb8      0x218 ./Drivers/STM32F1xx_HAL_Driver/Src/stm32f1xx_hal_rcc.o
 .debug_frame   0x000020d0     0x11b8 ./Drivers/STM32F1xx_HAL_Driver/Src/stm32f1xx_hal_tim.o
 .debug_frame   0x00003288      0x638 ./Drivers/STM32F1xx_HAL_Driver/Src/stm32f1xx_hal_tim_ex.o
 .debug_frame   0x000038c0      0x944 ./Drivers/STM32F1xx_HAL_Driver/Src/stm32f1xx_hal_uart.o
 .debug_frame   0x00004204       0x60 ./User/Custom/Custom_String.o
 .debug_frame   0x00004264      0x30c ./User/DS3231_RTC/DS3231.o
 .debug_frame   0x00004570      0x14c ./User/LCD_I2C/LCD_I2C.o
 .debug_frame   0x000046bc       0x84 ./User/PassiveBuzzer/BUZZER.o
 .debug_frame   0x00004740      0x144 /home/haidoan2098/st/stm32cubeide_1.18.0/plugins/com.st.stm32cube.ide.mcu.externaltools.gnu-tools-for-stm32.13.3.rel1.linux64_1.0.0.202410170706/tools/bin/../lib/gcc/arm-none-eabi/13.3.1/../../../../arm-none-eabi/lib/thumb/v7-m/nofp/libc_nano.a(libc_a-findfp.o)
 .debug_frame   0x00004884       0x74 /home/haidoan2098/st/stm32cubeide_1.18.0/plugins/com.st.stm32cube.ide.mcu.externaltools.gnu-tools-for-stm32.13.3.rel1.linux64_1.0.0.202410170706/tools/bin/../lib/gcc/arm-none-eabi/13.3.1/../../../../arm-none-eabi/lib/thumb/v7-m/nofp/libc_nano.a(libc_a-sprintf.o)
 .debug_frame   0x000048f8       0x20 /home/haidoan2098/st/stm32cubeide_1.18.0/plugins/com.st.stm32cube.ide.mcu.externaltools.gnu-tools-for-stm32.13.3.rel1.linux64_1.0.0.202410170706/tools/bin/../lib/gcc/arm-none-eabi/13.3.1/../../../../arm-none-eabi/lib/thumb/v7-m/nofp/libc_nano.a(libc_a-memset.o)
 .debug_frame   0x00004918       0x38 /home/haidoan2098/st/stm32cubeide_1.18.0/plugins/com.st.stm32cube.ide.mcu.externaltools.gnu-tools-for-stm32.13.3.rel1.linux64_1.0.0.202410170706/tools/bin/../lib/gcc/arm-none-eabi/13.3.1/../../../../arm-none-eabi/lib/thumb/v7-m/nofp/libc_nano.a(libc_a-reent.o)
 .debug_frame   0x00004950       0x20 /home/haidoan2098/st/stm32cubeide_1.18.0/plugins/com.st.stm32cube.ide.mcu.externaltools.gnu-tools-for-stm32.13.3.rel1.linux64_1.0.0.202410170706/tools/bin/../lib/gcc/arm-none-eabi/13.3.1/../../../../arm-none-eabi/lib/thumb/v7-m/nofp/libc_nano.a(libc_a-errno.o)
 .debug_frame   0x00004970       0x2c /home/haidoan2098/st/stm32cubeide_1.18.0/plugins/com.st.stm32cube.ide.mcu.externaltools.gnu-tools-for-stm32.13.3.rel1.linux64_1.0.0.202410170706/tools/bin/../lib/gcc/arm-none-eabi/13.3.1/../../../../arm-none-eabi/lib/thumb/v7-m/nofp/libc_nano.a(libc_a-init.o)
 .debug_frame   0x0000499c       0xb0 /home/haidoan2098/st/stm32cubeide_1.18.0/plugins/com.st.stm32cube.ide.mcu.externaltools.gnu-tools-for-stm32.13.3.rel1.linux64_1.0.0.202410170706/tools/bin/../lib/gcc/arm-none-eabi/13.3.1/../../../../arm-none-eabi/lib/thumb/v7-m/nofp/libc_nano.a(libc_a-lock.o)
 .debug_frame   0x00004a4c       0x38 /home/haidoan2098/st/stm32cubeide_1.18.0/plugins/com.st.stm32cube.ide.mcu.externaltools.gnu-tools-for-stm32.13.3.rel1.linux64_1.0.0.202410170706/tools/bin/../lib/gcc/arm-none-eabi/13.3.1/../../../../arm-none-eabi/lib/thumb/v7-m/nofp/libc_nano.a(libc_a-freer.o)
 .debug_frame   0x00004a84       0x50 /home/haidoan2098/st/stm32cubeide_1.18.0/plugins/com.st.stm32cube.ide.mcu.externaltools.gnu-tools-for-stm32.13.3.rel1.linux64_1.0.0.202410170706/tools/bin/../lib/gcc/arm-none-eabi/13.3.1/../../../../arm-none-eabi/lib/thumb/v7-m/nofp/libc_nano.a(libc_a-mallocr.o)
 .debug_frame   0x00004ad4       0x30 /home/haidoan2098/st/stm32cubeide_1.18.0/plugins/com.st.stm32cube.ide.mcu.externaltools.gnu-tools-for-stm32.13.3.rel1.linux64_1.0.0.202410170706/tools/bin/../lib/gcc/arm-none-eabi/13.3.1/../../../../arm-none-eabi/lib/thumb/v7-m/nofp/libc_nano.a(libc_a-mlock.o)
 .debug_frame   0x00004b04       0x90 /home/haidoan2098/st/stm32cubeide_1.18.0/plugins/com.st.stm32cube.ide.mcu.externaltools.gnu-tools-for-stm32.13.3.rel1.linux64_1.0.0.202410170706/tools/bin/../lib/gcc/arm-none-eabi/13.3.1/../../../../arm-none-eabi/lib/thumb/v7-m/nofp/libc_nano.a(libc_a-nano-svfprintf.o)
 .debug_frame   0x00004b94       0x60 /home/haidoan2098/st/stm32cubeide_1.18.0/plugins/com.st.stm32cube.ide.mcu.externaltools.gnu-tools-for-stm32.13.3.rel1.linux64_1.0.0.202410170706/tools/bin/../lib/gcc/arm-none-eabi/13.3.1/../../../../arm-none-eabi/lib/thumb/v7-m/nofp/libc_nano.a(libc_a-nano-vfprintf_i.o)
 .debug_frame   0x00004bf4       0x28 /home/haidoan2098/st/stm32cubeide_1.18.0/plugins/com.st.stm32cube.ide.mcu.externaltools.gnu-tools-for-stm32.13.3.rel1.linux64_1.0.0.202410170706/tools/bin/../lib/gcc/arm-none-eabi/13.3.1/../../../../arm-none-eabi/lib/thumb/v7-m/nofp/libc_nano.a(libc_a-memmove.o)
 .debug_frame   0x00004c1c       0x2c /home/haidoan2098/st/stm32cubeide_1.18.0/plugins/com.st.stm32cube.ide.mcu.externaltools.gnu-tools-for-stm32.13.3.rel1.linux64_1.0.0.202410170706/tools/bin/../lib/gcc/arm-none-eabi/13.3.1/../../../../arm-none-eabi/lib/thumb/v7-m/nofp/libc_nano.a(libc_a-sbrkr.o)
 .debug_frame   0x00004c48       0x28 /home/haidoan2098/st/stm32cubeide_1.18.0/plugins/com.st.stm32cube.ide.mcu.externaltools.gnu-tools-for-stm32.13.3.rel1.linux64_1.0.0.202410170706/tools/bin/../lib/gcc/arm-none-eabi/13.3.1/../../../../arm-none-eabi/lib/thumb/v7-m/nofp/libc_nano.a(libc_a-memchr-stub.o)
 .debug_frame   0x00004c70       0x28 /home/haidoan2098/st/stm32cubeide_1.18.0/plugins/com.st.stm32cube.ide.mcu.externaltools.gnu-tools-for-stm32.13.3.rel1.linux64_1.0.0.202410170706/tools/bin/../lib/gcc/arm-none-eabi/13.3.1/../../../../arm-none-eabi/lib/thumb/v7-m/nofp/libc_nano.a(libc_a-memcpy-stub.o)
 .debug_frame   0x00004c98       0x3c /home/haidoan2098/st/stm32cubeide_1.18.0/plugins/com.st.stm32cube.ide.mcu.externaltools.gnu-tools-for-stm32.13.3.rel1.linux64_1.0.0.202410170706/tools/bin/../lib/gcc/arm-none-eabi/13.3.1/../../../../arm-none-eabi/lib/thumb/v7-m/nofp/libc_nano.a(libc_a-reallocr.o)
 .debug_frame   0x00004cd4       0x20 /home/haidoan2098/st/stm32cubeide_1.18.0/plugins/com.st.stm32cube.ide.mcu.externaltools.gnu-tools-for-stm32.13.3.rel1.linux64_1.0.0.202410170706/tools/bin/../lib/gcc/arm-none-eabi/13.3.1/../../../../arm-none-eabi/lib/thumb/v7-m/nofp/libc_nano.a(libc_a-msizer.o)

.debug_line_str
                0x00000000       0x7f
 .debug_line_str
                0x00000000       0x7f ./Core/Startup/startup_stm32f103c8tx.o
