../Core/Src/main.c:206:6:parseInternetTimeString	32	static
../Core/Src/main.c:284:6:TimeInternetUpdateHandling	32	static
../Core/Src/main.c:321:6:HAL_GPIO_EXTI_Callback	16	static
../Core/Src/main.c:332:6:HAL_UART_RxCpltCallback	16	static
../Core/Src/main.c:364:5:main	8	static
../Core/Src/main.c:459:6:SystemClock_Config	72	static
../Core/Src/main.c:498:13:MX_I2C1_Init	8	static
../Core/Src/main.c:532:13:MX_I2C2_Init	8	static
../Core/Src/main.c:566:13:MX_TIM2_Init	64	static
../Core/Src/main.c:625:13:MX_USART1_UART_Init	8	static
../Core/Src/main.c:658:13:MX_GPIO_Init	40	static
../Core/Src/main.c:696:6:playAlarmMelody1	16	static
../Core/Src/main.c:704:6:playAlarmMelody2	16	static
../Core/Src/main.c:713:6:alarmSound	8	static
../Core/Src/main.c:731:9:LeapYearHandling	16	static
../Core/Src/main.c:735:9:daysInMonth	16	static
../Core/Src/main.c:756:6:ModeAlarmHandling	16	static
../Core/Src/main.c:772:6:DisplayClockHandler	16	static
../Core/Src/main.c:791:6:SetHourHandler	24	static
../Core/Src/main.c:841:6:SetMinuteHandler	24	static
../Core/Src/main.c:890:6:SetSecondHandler	24	static
../Core/Src/main.c:939:6:SetYearHandler	24	static
../Core/Src/main.c:988:6:SetMonthHandler	24	static
../Core/Src/main.c:1037:6:SetDateHandler	32	static
../Core/Src/main.c:1090:6:SetDayHandler	24	static
../Core/Src/main.c:1139:6:SetHourAlarmHandler	16	static
../Core/Src/main.c:1187:6:SetMinuteAlarmHandler	16	static
../Core/Src/main.c:1233:6:SetModeAlarmHandler	16	static
../Core/Src/main.c:1283:6:HandleClockStateMachine	24	static
../Core/Src/main.c:1441:6:EnergySavingProcessing	8	static
../Core/Src/main.c:1471:6:AlarmProcessing	16	static
../Core/Src/main.c:1521:6:Error_Handler	4	static,ignoring_inline_asm
